[backblue.gif]
[fade.gif]
[index.html]
[p1r0r.com/index.html]
[p1r0r.com/en/home.html]
[p1r0r.com/wp-content/uploads/2013/08/logoFavi.png]
[p1r0r.com/wp-content/themes/gridstack/style6f3e.css]
[p1r0r.com/en/feed]
[p1r0r.com/en/comments/feed]
[p1r0r.com/wp-includes/css/dist/block-library/style.min4c7e.css]
[p1r0r.com/wp-content/plugins/simple-follow-me-social-buttons-widget/assets/css/style6765.css]
[p1r0r.com/wp-content/uploads/useanyfont/uaf2210.css]
[p1r0r.com/wp-content/plugins/simple-follow-me-social-buttons-widget/assets/css/icons6765.css]
[netdna.bootstrapcdn.com/font-awesome/3.2.1/css/font-awesome4c7e.css]
[p1r0r.com/wp-content/plugins/skt-skill-bar/skill_bar/bar/sbar4c7e.css]
[p1r0r.com/wp-content/plugins/skt-skill-bar/skill_bar/circle/jquery.easy-pie-chart4c7e.css]
[p1r0r.com/wp-content/plugins/themewich-shortcodes/css/themewich-shortcodes4c7e.css]
[p1r0r.com/wp-includes/js/jquery/jquery-migrate.mind617.js]
[p1r0r.com/wp-content/themes/gridstack/js/modernizr.custom.min61da.js]
[p1r0r.com/wp-content/themes/gridstack/js/jquery.historyc659.js]
[p1r0r.com/wp-content/themes/gridstack/js/jquery.ajaxifyf269.js]
[p1r0r.com/wp-content/plugins/simple-follow-me-social-buttons-widget/assets/js/front-widget6765.js]
[p1r0r.com/wp-content/plugins/skt-skill-bar/skill_bar/bar/jquery.appear4c7e.js]
[p1r0r.com/wp-json/wp/v2/pages/4799.json]
[p1r0r.com/wp-includes/js/jquery/jquery.min9d52.js]
[p1r0r.com/wp-json/index.html]
[p1r0r.com/xmlrpc0db0.php]
[p1r0r.com/wp-includes/wlwmanifest.xml]
[p1r0r.com/wp-json/oembed/1.0/embed562a.json]
[p1r0r.com/wp-json/oembed/1.0/embed9c33]
[p1r0r.com/wp-content/themes/gridstack/images/sprites.png]
[p1r0r.com/wp-content/uploads/2016/01/LogoIpad72.png]
[p1r0r.com/sobre-mi.html]
[p1r0r.com/blog.html]
[p1r0r.com/wp-content/plugins/polylang/flags/es.png]
[p1r0r.com/wp-content/uploads/2016/01/Wallapaper-1500x844.jpg]
[p1r0r.com/en/portfolio/simpleroom.html]
[p1r0r.com/wp-content/uploads/2019/02/SimpleRoom-420x210.jpg]
[p1r0r.com/en/portfolio/snailrun.html]
[p1r0r.com/wp-content/uploads/2016/01/SnailRun1-420x210.jpg]
[p1r0r.com/en/portfolio/european-voluntary-service.html]
[p1r0r.com/wp-content/uploads/2018/05/EVS-420x210.jpg]
[p1r0r.com/en/portfolio/engineering-company.html]
[p1r0r.com/wp-content/uploads/2018/05/EngiCOm-420x210.jpg]
[p1r0r.com/en/portfolio/meyza.html]
[p1r0r.com/wp-content/uploads/2018/05/Meyza-420x210.jpg]
[p1r0r.com/en/portfolio/sogno-messinese.html]
[p1r0r.com/wp-content/uploads/2018/07/CULTMANMESS-420x210.jpg]
[p1r0r.com/en/portfolio/milano.html]
[p1r0r.com/wp-content/uploads/2016/01/MILANO-420x210.jpg]
[p1r0r.com/en/portfolio/just-internship.html]
[p1r0r.com/wp-content/uploads/2016/01/just-420x210.jpg]
[p1r0r.com/en/portfolio/fashion-2.html]
[p1r0r.com/wp-content/uploads/2016/01/FOTOMODA1-420x210.jpg]
[p1r0r.com/en/portfolio/travel-2.html]
[p1r0r.com/wp-content/uploads/2016/01/TravelCover-420x210.jpg]
[p1r0r.com/en/home/page/2.html]
[p1r0r.com/en/vikingued-algeciras.html]
[p1r0r.com/en/saga-is-ready-to-play.html]
[p1r0r.com/en/an-oboe-in-the-amazon.html]
[p1r0r.com/en/category/3d-en.html]
[p1r0r.com/en/category/advertising-en.html]
[p1r0r.com/en/category/animation-en.html]
[p1r0r.com/en/category/art-en.html]
[p1r0r.com/en/category/audiovisual-en.html]
[p1r0r.com/en/category/bollywood-en.html]
[p1r0r.com/en/category/business-en.html]
[p1r0r.com/en/category/cinema-en.html]
[p1r0r.com/en/category/culture-en.html]
[p1r0r.com/en/category/europe-en.html]
[p1r0r.com/en/category/history-en.html]
[p1r0r.com/en/category/hollywood-en.html]
[p1r0r.com/en/category/opera-en.html]
[p1r0r.com/en/category/painting-en.html]
[p1r0r.com/en/category/quotes-en.html]
[p1r0r.com/en/category/serie-tv-en.html]
[p1r0r.com/en/category/tech-en.html]
[p1r0r.com/en/category/technology-en.html]
[p1r0r.com/en/category/uncategorized-en.html]
[p1r0r.com/en/category/vfx-en.html]
[p1r0r.com/en/category/world-en.html]
[p1r0r.com/wp-content/themes/gridstack/js/jquery.bxslider.min0235.js]
[p1r0r.com/wp-content/themes/gridstack/js/jquery.magnific-popup.min61fa.js]
[p1r0r.com/wp-content/themes/gridstack/js/jquery.isotope.mindc81.js]
[p1r0r.com/wp-content/themes/gridstack/js/jquery.infinitescroll.mincc40.js]
[p1r0r.com/wp-content/themes/gridstack/js/superfish.minb34d.js]
[p1r0r.com/wp-content/themes/gridstack/js/jquery.fitvids5152.js]
[p1r0r.com/wp-content/themes/gridstack/js/jquery.easing.1.34e44.js]
[p1r0r.com/wp-content/themes/gridstack/js/custom6f3e.js]
[p1r0r.com/wp-includes/js/imagesloaded.mineda1.js]
[p1r0r.com/wp-includes/js/jquery/ui/core.min35d0.js]
[p1r0r.com/wp-includes/js/jquery/ui/tabs.min35d0.js]
[p1r0r.com/wp-includes/js/jquery/ui/accordion.min35d0.js]
[p1r0r.com/wp-content/plugins/themewich-shortcodes/js/themewich.shortcodes1159.js]
[p1r0r.com/wp-content/plugins/skt-skill-bar/skill_bar/circle/jquery.easy-pie-chartf24c.js]
[p1r0r.com/wp-content/plugins/skt-skill-bar/skill_bar/circle/customf24c.js]
[p1r0r.com/wp-content/plugins/skt-skill-bar/skill_bar/gage/justgagef24c.js]
[p1r0r.com/wp-includes/js/wp-embed.min4c7e.js]
[www.google-analytics.com/analytics.js]
[p1r0r.com/en/home.html]
[p1r0r.com/wp-content/themes/gridstack/images/loading.gif]
[p1r0r.com/wp-content/themes/gridstack/images/large_x_thick.png]
[p1r0r.com/wp-content/themes/gridstack/images/large_+.png]
[p1r0r.com/wp-content/themes/gridstack/images/left-arrow-prev.png]
[p1r0r.com/wp-content/themes/gridstack/images/right-arrow-next.png]
[p1r0r.com/wp-content/themes/gridstack/images/bigplay.png]
[p1r0r.com/wp-content/plugins/skt-skill-bar/skill_bar/gage/raphael-2.1.4.minf24c.js]
[p1r0r.com/wp-content/themes/gridstack/background.png]
[p1r0r.com/wp-content/themes/gridstack/images/sep.png]
[p1r0r.com/wp-content/themes/gridstack/images/controls.png]
[p1r0r.com/wp-content/themes/gridstack/images/small-loading.gif]
[p1r0r.com/wp-content/themes/gridstack/images/rightarrow.png]
[p1r0r.com/wp-content/themes/gridstack/images/downarrow.png]
[p1r0r.com/wp-content/themes/gridstack/images/uparrow.png]
[p1r0r.com/wp-content/themes/gridstack/images/sprites-nivo.png]
[p1r0r.com/wp-content/themes/gridstack/images/sprites-nivo-white.png]
[p1r0r.com/wp-content/themes/gridstack/images/plus.png]
[p1r0r.com/wp-content/themes/gridstack/images/rightarrow-dark.png]
[p1r0r.com/wp-content/themes/gridstack/style6f3e.css]
[p1r0r.com/wp-includes/css/dist/block-library/style.min4c7e.css]
[p1r0r.com/wp-content/plugins/simple-follow-me-social-buttons-widget/assets/css/style6765.css]
[p1r0r.com/wp-content/plugins/simple-follow-me-social-buttons-widget/assets/fonts/social_buttons046b.eot]
[p1r0r.com/wp-content/plugins/simple-follow-me-social-buttons-widget/assets/css/icons6765.css]
[p1r0r.com/wp-content/uploads/useanyfont/160128011120Diavlo-Book.woff]
[p1r0r.com/wp-content/uploads/useanyfont/uaf2210.css]
[netdna.bootstrapcdn.com/font-awesome/3.2.1/css/font-awesome4c7e.css]
[p1r0r.com/wp-content/plugins/skt-skill-bar/skill_bar/bar/sbar4c7e.css]
[p1r0r.com/wp-content/plugins/skt-skill-bar/skill_bar/circle/jquery.easy-pie-chart4c7e.css]
[p1r0r.com/wp-content/plugins/themewich-shortcodes/images/loading.gif]
[p1r0r.com/wp-content/plugins/themewich-shortcodes/images/loading-dark.gif]
[p1r0r.com/wp-content/plugins/themewich-shortcodes/images/loading-spin.svg]
[p1r0r.com/wp-content/plugins/themewich-shortcodes/images/loading-spin-dark.svg]
[p1r0r.com/wp-content/plugins/themewich-shortcodes/images/left-chevron.png]
[p1r0r.com/wp-content/plugins/themewich-shortcodes/images/right-chevron.png]
[p1r0r.com/wp-content/plugins/themewich-shortcodes/images/left-chevron.svg]
[p1r0r.com/wp-content/plugins/themewich-shortcodes/images/right-chevron.svg]
[p1r0r.com/wp-content/plugins/themewich-shortcodes/images/toggle-plus.png]
[p1r0r.com/wp-content/plugins/themewich-shortcodes/images/toggle-minus.png]
[p1r0r.com/wp-content/plugins/themewich-shortcodes/images/toggle-plus.svg]
[p1r0r.com/wp-content/plugins/themewich-shortcodes/images/toggle-minus.svg]
[p1r0r.com/wp-content/plugins/themewich-shortcodes/images/icons/twitter.png]
[p1r0r.com/wp-content/plugins/themewich-shortcodes/images/icons/facebook.png]
[p1r0r.com/wp-content/plugins/themewich-shortcodes/images/icons/dribbble.png]
[p1r0r.com/wp-content/plugins/themewich-shortcodes/images/icons/instagram.png]
[p1r0r.com/wp-content/plugins/themewich-shortcodes/images/icons/google.png]
[p1r0r.com/wp-content/plugins/themewich-shortcodes/images/icons/pinterest.png]
[p1r0r.com/wp-content/plugins/themewich-shortcodes/images/icons/linkedin.png]
[p1r0r.com/wp-content/plugins/themewich-shortcodes/images/icons/rss.png]
[p1r0r.com/wp-content/plugins/themewich-shortcodes/images/icons/stumbleupon.png]
[p1r0r.com/wp-content/plugins/themewich-shortcodes/images/icons/vimeo.png]
[p1r0r.com/wp-content/plugins/themewich-shortcodes/images/icons/youtube.png]
[p1r0r.com/wp-content/plugins/themewich-shortcodes/images/icons/twitter.svg]
[p1r0r.com/wp-content/plugins/themewich-shortcodes/images/icons/facebook.svg]
[p1r0r.com/wp-content/plugins/themewich-shortcodes/images/icons/dribbble.svg]
[p1r0r.com/wp-content/plugins/themewich-shortcodes/images/icons/instagram.svg]
[p1r0r.com/wp-content/plugins/themewich-shortcodes/images/icons/google.svg]
[p1r0r.com/wp-content/plugins/themewich-shortcodes/images/icons/pinterest.svg]
[p1r0r.com/wp-content/plugins/themewich-shortcodes/images/icons/linkedin.svg]
[p1r0r.com/wp-content/plugins/themewich-shortcodes/images/icons/rss.svg]
[p1r0r.com/wp-content/plugins/themewich-shortcodes/images/icons/stumbleupon.svg]
[p1r0r.com/wp-content/plugins/themewich-shortcodes/images/icons/vimeo.svg]
[p1r0r.com/wp-content/plugins/themewich-shortcodes/images/icons/youtube.svg]
[p1r0r.com/wp-content/plugins/themewich-shortcodes/css/themewich-shortcodes4c7e.css]
[p1r0r.com/feed]
[p1r0r.com/comments/feed]
[p1r0r.com/wp-json/wp/v2/pages/4803.json]
[p1r0r.com/wp-json/oembed/1.0/embed1dff.json]
[p1r0r.com/wp-json/oembed/1.0/embed4a66]
[p1r0r.com/wp-content/plugins/polylang/flags/us.png]
[p1r0r.com/en/about-me.html]
[p1r0r.com/wp-content/uploads/2019/02/IMG_1623-2-1500x1125.jpg]
[p1r0r.com/wp-content/uploads/2013/10/Pantalla-Bloqueo.jpg]
[p1r0r.com/contact.html]
[p1r0r.com/el-poder-danes-audiovisual.html]
[p1r0r.com/sinverguenza.html]
[p1r0r.com/cortes-daneses.html]
[p1r0r.com/category/3d-es.html]
[p1r0r.com/category/advertising-es.html]
[p1r0r.com/category/culture-es/animation-es.html]
[p1r0r.com/category/art-es.html]
[p1r0r.com/category/audiovisual-es.html]
[p1r0r.com/category/bollywood-es.html]
[p1r0r.com/category/business-es.html]
[p1r0r.com/category/culture-es/cinema-es.html]
[p1r0r.com/category/culture-es.html]
[p1r0r.com/category/europe-es.html]
[p1r0r.com/category/history-es.html]
[p1r0r.com/category/hollywood-es.html]
[p1r0r.com/category/opera-es.html]
[p1r0r.com/category/painting-es.html]
[p1r0r.com/category/quotes-es.html]
[p1r0r.com/category/serie-tv-es.html]
[p1r0r.com/category/technology-es.html]
[p1r0r.com/category/culture-es/tv.html]
[p1r0r.com/category/uncategorized.html]
[p1r0r.com/category/vfx-es.html]
[p1r0r.com/category/world-es.html]
[p1r0r.com/wp-content/plugins/shortcodes-ultimate/includes/css/shortcodesa950.css]
[p1r0r.com/sobre-mi.html]
[p1r0r.com/en/en-blog.html]
[p1r0r.com/author/p1r0r.html]
[p1r0r.com/wp-content/uploads/2015/06/Borgenok1-420x215.jpg]
[img.crazyhdsource.com/wp-content/cover/files/Borgen.S01.720p.Bluray.DD5.1.x264-NTb.jpg]
[p1r0r.com/wp-content/uploads/2016/02/Paul-Abbott-screenwriter-0071-420x215.jpg]
[p1r0r.com/wp-content/uploads/2015/06/mads-mikkelsen1-420x215.jpg]
[n.b5z.net/i/u/10045487/i/Mads-MikkelsenCasino-Royale.jpg]
[p1r0r.com/wp-content/uploads/2018/03/mozart-in-the-jungle-poster-21-420x215.jpg]
[p1r0r.com/es-un-oboe-en-el-amazonas.html]
[p1r0r.com/wp-content/uploads/2018/03/mozart-in-the-jungle-poster-21.jpg]
[p1r0r.com/algeciras-vikingada.html]
[p1r0r.com/wp-content/uploads/2018/03/vikings-4x16-crossings-21-420x215.jpg]
[p1r0r.com/wp-content/uploads/2018/03/Al_Yazirat_recreación_011.png]
[p1r0r.com/4814-2.html]
[p1r0r.com/wp-content/uploads/2018/03/bron-iii1-420x215.jpg]
[p1r0r.com/cusualidades-de-vuelta.html]
[p1r0r.com/wp-content/uploads/2017/09/Coincidences-420x215.jpg]
[p1r0r.com/la-vara-2.html]
[p1r0r.com/wp-content/uploads/2016/09/HeadVara-420x215.jpg]
[p1r0r.com/wp-content/uploads/2016/09/Asfalto-mojadoWP.jpg]
[p1r0r.com/wp-content/uploads/2016/09/Asfalto-mojadoWP-960x552.jpg]
[p1r0r.com/cabalgata-de-los-gigantes.html]
[p1r0r.com/wp-content/uploads/2016/08/MATAGRIFONEHEAD-420x215.jpg]
[p1r0r.com/wp-content/uploads/2016/09/Grifone-Bocceta.jpg]
[p1r0r.com/en/la-vara.html]
[p1r0r.com/concierto-en-el-cementerio.html]
[p1r0r.com/wp-content/uploads/2016/09/HeadCimit-420x215.jpg]
[p1r0r.com/wp-content/uploads/2016/09/IMG_1525.jpg]
[p1r0r.com/blog/page/2.html]
[p1r0r.com/blog/page/3.html]
[p1r0r.com/blog.html]
[p1r0r.com/blog/page/4.html]
[p1r0r.com/wp-json/oembed/1.0/embed517d.json]
[p1r0r.com/wp-json/oembed/1.0/embedbd46]
[p1r0r.com/portfolio/simpleroom-2.html]
[p1r0r.com/en/portfolio/simpleroom.html]
[p1r0r.com/en/portfolio/portraits.html]
[p1r0r.com/wp-json/oembed/1.0/embedc15e.json]
[p1r0r.com/wp-json/oembed/1.0/embedcfed]
[p1r0r.com/portfolio/snailrun-2.html]
[p1r0r.com/en/portfolio/still.html]
[p1r0r.com/en/portfolio/snailrun.html]
[p1r0r.com/wp-json/oembed/1.0/embed5883.json]
[p1r0r.com/wp-json/oembed/1.0/embedfa86]
[e.issuu.com/embed.js]
[p1r0r.com/portfolio/servicio-de-voluntariado-europeo.html]
[p1r0r.com/wp-content/uploads/2018/05/IMG_1236-1500x993.jpg]
[www.kulturkalender-dresden.de/files/events/kunst-des-erinnerns/kunst-der-erinnerns-c-pr.jpg]
[p1r0r.com/wp-content/uploads/2018/05/DresdenLandscape.jpg]
[p1r0r.com/wp-content/uploads/2017/12/DresdenDialog3.jpg]
[p1r0r.com/wp-content/uploads/2017/12/DresdenDialog3-960x540.jpg]
[p1r0r.com/wp-content/uploads/2018/05/IMG_0410-1500x1125.jpg]
[p1r0r.com/wp-content/uploads/2019/02/18342083_455446621454883_1151990086905092525_n1.png]
[p1r0r.com/wp-content/uploads/2018/05/lOGOwEB.jpg]
[p1r0r.com/wp-content/uploads/2018/05/lOGOwEB-1024x700.jpg]
[p1r0r.com/wp-content/uploads/2017/12/Spread-the-Word-Logo.jpg]
[p1r0r.com/wp-content/uploads/2017/12/LOGO-36.jpg]
[p1r0r.com/wp-content/uploads/2018/05/logo.png]
[p1r0r.com/en/portfolio/european-voluntary-service.html]
[p1r0r.com/wp-json/oembed/1.0/embed4c74.json]
[p1r0r.com/wp-json/oembed/1.0/embedadb4]
[p1r0r.com/portfolio/compania-de-ingenieria.html]
[p1r0r.com/wp-content/uploads/2018/05/EngiCompa.jpg]
[p1r0r.com/wp-content/uploads/2018/05/EngiCompa-1024x700.jpg]
[p1r0r.com/en/portfolio/engineering-company.html]
[p1r0r.com/wp-json/oembed/1.0/embedb287.json]
[p1r0r.com/wp-json/oembed/1.0/embedc23d]
[p1r0r.com/portfolio/4979.html]
[p1r0r.com/wp-content/uploads/2018/05/MEYZABla-07.png]
[p1r0r.com/wp-content/uploads/2018/05/MEYZA-06.png]
[p1r0r.com/wp-content/uploads/2018/05/meyzaweb.png]
[p1r0r.com/wp-content/uploads/2018/05/meyzaweb2.png]
[p1r0r.com/en/portfolio/meyza.html]
[p1r0r.com/wp-json/oembed/1.0/embed4388.json]
[p1r0r.com/wp-json/oembed/1.0/embed504a]
[p1r0r.com/portfolio/es-sogno-messinese.html]
[p1r0r.com/wp-content/uploads/2018/07/IMG_2879.jpg]
[p1r0r.com/wp-content/uploads/2018/07/IMG_2884.jpg]
[p1r0r.com/wp-content/uploads/2018/07/IMG_2884-1500x1125.jpg]
[p1r0r.com/wp-content/uploads/2018/07/DSC_0139.jpg]
[p1r0r.com/wp-content/uploads/2018/07/DSC_0139-1500x1004.jpg]
[p1r0r.com/wp-content/uploads/2018/07/20160525_074132000_iOS.jpg]
[p1r0r.com/en/la-maschera-e-lattaccapanni.html]
[p1r0r.com/wp-content/uploads/2016/09/Maschera.jpg]
[p1r0r.com/wp-content/uploads/2018/07/20160504_080607275_iOS.jpg]
[p1r0r.com/wp-content/uploads/2018/07/20160504_080607275_iOS-1500x844.jpg]
[p1r0r.com/en/cemetery-concert.html]
[p1r0r.com/en/indimenticabile.html]
[p1r0r.com/en/portfolio/sogno-messinese.html]
[p1r0r.com/en/first-notes-about-light-design.html]
[p1r0r.com/wp-json/oembed/1.0/embed8715.json]
[p1r0r.com/wp-json/oembed/1.0/embed2553]
[p1r0r.com/en/portfolio/milano.html]
[p1r0r.com/portfolio/milano-2.html]
[p1r0r.com/wp-json/oembed/1.0/embed7c01.json]
[p1r0r.com/wp-json/oembed/1.0/embed1d9e]
[p1r0r.com/portfolio/just.html]
[p1r0r.com/en/portfolio/just-internship.html]
[p1r0r.com/en/portfolio/temaflor.html]
[p1r0r.com/wp-json/oembed/1.0/embed3708.json]
[p1r0r.com/wp-json/oembed/1.0/embed97c6]
[p1r0r.com/en/portfolio/fashion-2.html]
[p1r0r.com/portfolio/fashion.html]
[p1r0r.com/wp-json/oembed/1.0/embed8a05.json]
[p1r0r.com/wp-json/oembed/1.0/embedfbc3]
[p1r0r.com/en/portfolio/travel-2.html]
[p1r0r.com/portfolio/travel.html]
[p1r0r.com/wp-content/uploads/2016/01/PortraitsCovers-420x210.jpg]
[p1r0r.com/wp-content/uploads/2016/01/twmaflo-420x210.jpg]
[p1r0r.com/wp-content/uploads/2016/01/StillCover-420x210.jpg]
[p1r0r.com/en/home/page/2.html]
[p1r0r.com/en/vikingued-algeciras/feed]
[p1r0r.com/wp-json/wp/v2/posts/4652.json]
[p1r0r.com/wp-json/oembed/1.0/embed2e09.json]
[p1r0r.com/wp-json/oembed/1.0/embed1ad8]
[p1r0r.com/wp-content/uploads/2018/03/17b6bb868abdcbbfb9260f5edae183841.jpg]
[p1r0r.com/wp-content/uploads/2018/03/vikings-4x16-crossings-21-1-1500x844.jpg]
[p1r0r.com/wp-content/uploads/2018/03/IMG_96971.jpg]
[p1r0r.com/wp-content/uploads/2018/03/vikings-4x16-crossings1-1500x844.jpg]
[p1r0r.com/wp-content/uploads/2018/03/Cora_de_algeciras1.jpg]
[p1r0r.com/wp-content/uploads/2018/03/Ataquesvikingosenlapen25C325ADnsulaib25C325A9ricayelMediterr25C325A1neo1.jpg]
[p1r0r.com/wp-content/uploads/2018/03/Ataquesvikingosenlapen25C325ADnsulaib25C325A9ricayelMediterr25C325A1neo1-960x686.jpg]
[p1r0r.com/en/author/p1r0r.html]
[p1r0r.com/en/tag/algeciras-en.html]
[p1r0r.com/en/tag/audiovisual-en.html]
[p1r0r.com/en/tag/coproduction-en.html]
[p1r0r.com/en/tag/culture-en.html]
[p1r0r.com/en/tag/danish-en.html]
[p1r0r.com/en/tag/denmark-en.html]
[p1r0r.com/en/tag/europe-en.html]
[p1r0r.com/en/tag/history-en.html]
[p1r0r.com/en/tag/series-tv-en.html]
[p1r0r.com/en/tag/tv-en.html]
[p1r0r.com/en/tag/usa-en.html]
[p1r0r.com/wp-includes/js/comment-reply.min4c7e.js]
[p1r0r.com/wp-content/plugins/akismet/_inc/form3cbe.js]
[p1r0r.com/en/vikingued-algeciras.html]
[p1r0r.com/en/saga-is-ready-to-play/feed]
[p1r0r.com/wp-json/wp/v2/posts/4684.json]
[p1r0r.com/wp-json/oembed/1.0/embed6a5a.json]
[p1r0r.com/wp-json/oembed/1.0/embedd8a9]
[p1r0r.com/wp-content/uploads/2018/03/bron-iii1-1500x801.jpg]
[1.vgc.no/drpublish/images/article/2015/11/24/23567179/1/fullbredde/BROEN.jpg]
[p1r0r.com/en/that-creepy-yellow-line.html]
[p1r0r.com/wp-content/uploads/2018/03/Bron-Broen-S04E01-b05afe123d518a16db4f4a6db6dd43de-full1-1500x844.jpg]
[p1r0r.com/wp-content/uploads/2018/03/tumblr_p0v0mqmcO91s9f5e5o1_12801.png]
[p1r0r.com/en/tag/denmark-danish-en.html]
[p1r0r.com/en/saga-is-ready-to-play.html]
[p1r0r.com/en/an-oboe-in-the-amazon/feed]
[p1r0r.com/wp-json/wp/v2/posts/4672.json]
[p1r0r.com/wp-json/oembed/1.0/embedb573.json]
[p1r0r.com/wp-json/oembed/1.0/embedf784]
[p1r0r.com/en/returning-coincidences.html]
[p1r0r.com/wp-content/uploads/2018/03/09-mozart-jungle.w750.h560.2x1-1500x1120.jpg]
[images-na.ssl-images-amazon.com/images/I/51S542MWP8L._SX330_BO1,204,203,200_.jpg]
[p1r0r.com/wp-content/uploads/2018/03/LUS2Y7RNUJGKRAHDFA6BBBHNU41.jpg]
[p1r0r.com/wp-content/uploads/2018/03/blog-liszt-11-1500x844.jpg]
[p1r0r.com/en/tag/teatro-vittorio-emanuele.14f.delayed]
[p1r0r.com/en/tag/america-en.html]
[p1r0r.com/en/tag/lirica-en.html]
[p1r0r.com/en/tag/music-en.html]
[p1r0r.com/en/tag/musica-en.html]
[p1r0r.com/en/tag/theatre-en.html]
[p1r0r.com/en/an-oboe-in-the-amazon.html]
[p1r0r.com/en/category/3d-en/feed]
[p1r0r.com/wp-json/wp/v2/categories/301.json]
[p1r0r.com/wp-content/uploads/2017/09/mooc-420x215.jpg]
[p1r0r.com/en/mooc-mooc.html]
[p1r0r.com/wp-content/uploads/2016/03/portada.jpg_19519300941-420x215.jpg]
[p1r0r.com/en/bitseller-shortfilm.html]
[p1r0r.com/en/fantastically-growing.html]
[static.dnaindia.com/sites/default/files/1725727.jpg]
[p1r0r.com/en/the-bear-the-hare.html]
[p1r0r.com/wp-content/uploads/2015/04/mzl.xjagscxz1-420x215.png]
[p1r0r.com/en/more-pixels.html]
[p1r0r.com/wp-content/uploads/2015/04/pac-man-logo1_eem1.19201-420x215.jpg]
[p1r0r.com/en/category/3d-en.html]
[p1r0r.com/en/category/advertising-en/feed]
[p1r0r.com/wp-json/wp/v2/categories/303.json]
[p1r0r.com/en/category/advertising-en.html]
[p1r0r.com/en/category/animation-en/feed]
[p1r0r.com/wp-json/wp/v2/categories/305.json]
[p1r0r.com/en/loving-vincent.html]
[p1r0r.com/wp-content/uploads/2016/03/a-loving-vincent-crew-t-shirt-1-420x215.jpg]
[p1r0r.com/en/category/animation-en.html]
[p1r0r.com/en/category/art-en/feed]
[p1r0r.com/wp-json/wp/v2/categories/261.json]
[p1r0r.com/wp-content/uploads/2016/09/HeadRenzo-420x215.jpg]
[p1r0r.com/wp-content/uploads/2016/09/RENZO.jpg]
[p1r0r.com/wp-content/uploads/2016/09/Tecnica_delle_luci_TVE2016.jpg]
[p1r0r.com/en/tuning-up-the-instruments.html]
[p1r0r.com/wp-content/uploads/2016/03/scalamilano-420x215.jpg]
[p1r0r.com/en/let-the-play-begin.html]
[p1r0r.com/wp-content/uploads/2016/03/locandina1-420x215.jpg]
[p1r0r.com/en/category/art-en.html]
[p1r0r.com/en/category/audiovisual-en/feed]
[p1r0r.com/wp-json/wp/v2/categories/263.json]
[p1r0r.com/en/how-to-be-a-clown-manual.html]
[p1r0r.com/wp-content/uploads/2016/03/klovn-420x215.png]
[p1r0r.com/en/shameless.html]
[p1r0r.com/en/category/audiovisual-en/page/2.html]
[p1r0r.com/en/category/audiovisual-en.html]
[p1r0r.com/en/category/bollywood-en/feed]
[p1r0r.com/wp-json/wp/v2/categories/371.json]
[p1r0r.com/en/because-he-worth-it.html]
[p1r0r.com/wp-content/uploads/2015/05/rajini7591-420x215.jpg]
[actionflickchick.com/superaction/wp-content/uploads/2015/05/rajinikanth.jpg]
[p1r0r.com/en/the-road-to-something.html]
[p1r0r.com/wp-content/uploads/2015/04/deepa1-420x215.jpg]
[p1r0r.com/en/category/bollywood-en.html]
[p1r0r.com/en/category/business-en/feed]
[p1r0r.com/wp-json/wp/v2/categories/307.json]
[p1r0r.com/en/category/business-en.html]
[p1r0r.com/en/category/cinema-en/feed]
[p1r0r.com/wp-json/wp/v2/categories/281.json]
[p1r0r.com/en/danish-slices.html]
[p1r0r.com/en/category/cinema-en.html]
[p1r0r.com/en/category/culture-en/feed]
[p1r0r.com/wp-json/wp/v2/categories/265.json]
[p1r0r.com/en/es-cabalgata-de-los-gigantes-mata-e-grifone.html]
[p1r0r.com/en/pattern-patron.html]
[p1r0r.com/wp-content/uploads/2016/03/BandeCAbez-420x215.jpg]
[p1r0r.com/en/category/culture-en/page/2.html]
[p1r0r.com/en/category/culture-en.html]
[p1r0r.com/en/category/europe-en/feed]
[p1r0r.com/wp-json/wp/v2/categories/267.json]
[p1r0r.com/en/category/europe-en.html]
[p1r0r.com/en/category/europe-en/page/2.html]
[p1r0r.com/en/category/history-en/feed]
[p1r0r.com/wp-json/wp/v2/categories/683.json]
[p1r0r.com/en/category/history-en.html]
[p1r0r.com/en/category/hollywood-en/feed]
[p1r0r.com/wp-json/wp/v2/categories/309.json]
[p1r0r.com/en/category/hollywood-en.html]
[p1r0r.com/en/category/opera-en/feed]
[p1r0r.com/wp-json/wp/v2/categories/269.json]
[p1r0r.com/en/category/opera-en.html]
[p1r0r.com/en/category/painting-en/feed]
[p1r0r.com/wp-json/wp/v2/categories/311.json]
[p1r0r.com/en/category/painting-en.html]
[p1r0r.com/en/category/quotes-en/feed]
[p1r0r.com/wp-json/wp/v2/categories/395.json]
[p1r0r.com/en/chains-chains-chains.html]
[p1r0r.com/en/category/quotes-en.html]
[p1r0r.com/en/changing-places.html]
[p1r0r.com/en/category/serie-tv-en/feed]
[p1r0r.com/wp-json/wp/v2/categories/313.json]
[p1r0r.com/en/danish-hand-power.html]
[p1r0r.com/wp-content/uploads/2015/06/o-THE-BRIDGE-facebook1-420x215.jpg]
[2.bp.blogspot.com/-v3afICgBKN8/U6xDeII-KEI/AAAAAAAANpw/8KY2a74j67Q/s1600/broen.png]
[p1r0r.com/en/i-cook-i-eat-it.html]
[p1r0r.com/wp-content/uploads/2015/06/aaron-sorkin1-420x215.jpg]
[pmcdeadline2.files.wordpress.com/2013/09/aaron-sorkin__130614064500.1a2.delayed]
[p1r0r.com/en/category/serie-tv-en.html]
[p1r0r.com/en/category/tech-en/feed]
[p1r0r.com/wp-json/wp/v2/categories/315.json]
[p1r0r.com/en/category/tech-en.html]
[p1r0r.com/en/category/technology-en/feed]
[p1r0r.com/wp-json/wp/v2/categories/317.json]
[p1r0r.com/en/category/technology-en.html]
[p1r0r.com/en/category/uncategorized-en/feed]
[p1r0r.com/wp-json/wp/v2/categories/157.json]
[p1r0r.com/en/category/uncategorized-en.html]
[p1r0r.com/en/category/vfx-en/feed]
[p1r0r.com/wp-json/wp/v2/categories/319.json]
[p1r0r.com/en/category/vfx-en.html]
[p1r0r.com/en/category/world-en/feed]
[p1r0r.com/wp-json/wp/v2/categories/283.json]
[p1r0r.com/en/category/world-en.html]
[p1r0r.com/wp-content/themes/gridstack/background.html]
[p1r0r.com/wp-content/themes/gridstack/images/sprites-nivo.html]
[p1r0r.com/wp-content/themes/gridstack/images/sprites-nivo-white.html]
[p1r0r.com/wp-content/plugins/themewich-shortcodes/images/loading-spin.svg]
[p1r0r.com/wp-content/plugins/themewich-shortcodes/images/loading-spin-dark.svg]
[p1r0r.com/wp-content/plugins/themewich-shortcodes/images/left-chevron.svg]
[p1r0r.com/wp-content/plugins/themewich-shortcodes/images/right-chevron.svg]
[p1r0r.com/wp-content/plugins/themewich-shortcodes/images/toggle-plus.svg]
[p1r0r.com/wp-content/plugins/themewich-shortcodes/images/toggle-minus.svg]
[p1r0r.com/wp-content/plugins/themewich-shortcodes/images/icons/twitter.svg]
[p1r0r.com/wp-content/plugins/themewich-shortcodes/images/icons/facebook.svg]
[p1r0r.com/wp-content/plugins/themewich-shortcodes/images/icons/dribbble.svg]
[p1r0r.com/wp-content/plugins/themewich-shortcodes/images/icons/instagram.svg]
[p1r0r.com/wp-content/plugins/themewich-shortcodes/images/icons/google.svg]
[p1r0r.com/wp-content/plugins/themewich-shortcodes/images/icons/pinterest.svg]
[p1r0r.com/wp-content/plugins/themewich-shortcodes/images/icons/linkedin.svg]
[p1r0r.com/wp-content/plugins/themewich-shortcodes/images/icons/rss.svg]
[p1r0r.com/wp-content/plugins/themewich-shortcodes/images/icons/stumbleupon.svg]
[p1r0r.com/wp-content/plugins/themewich-shortcodes/images/icons/vimeo.svg]
[p1r0r.com/wp-content/plugins/themewich-shortcodes/images/icons/youtube.svg]
[p1r0r.com/index9906.html]
[p1r0r.com/wp-json/wp/v2/pages/4801.json]
[p1r0r.com/wp-json/oembed/1.0/embedae85.json]
[p1r0r.com/wp-json/oembed/1.0/embedf86c]
[p1r0r.com/wp-content/uploads/2016/01/Pedro-León-Europass-CVFirmado.pdf]
[p1r0r.com/en/about-me.html]
[p1r0r.com/contact/feed]
[p1r0r.com/wp-json/wp/v2/pages/415.json]
[p1r0r.com/wp-json/oembed/1.0/embedd9cd.json]
[p1r0r.com/wp-json/oembed/1.0/embed59ef]
[p1r0r.com/wp-content/uploads/2013/10/Pantalla-Bloqueo-1500x844.jpg]
[p1r0r.com/contact.html]
[p1r0r.com/wp-content/themes/gridstack/js/jquery.validate.min90f9.js]
[p1r0r.com/el-poder-danes-audiovisual/feed]
[p1r0r.com/wp-json/wp/v2/posts/4889.json]
[p1r0r.com/wp-json/oembed/1.0/embed8e12.json]
[p1r0r.com/wp-json/oembed/1.0/embedfd84]
[blogtomados.files.wordpress.com/2015/02/borgen_t1.jpg]
[s.libertaddigital.com/2015/03/24/Borgen_equipo.jpg]
[p1r0r.com/tag/audiovisual-es.html]
[p1r0r.com/tag/cinema-es.html]
[p1r0r.com/tag/culture-es.html]
[p1r0r.com/tag/europe-es.html]
[p1r0r.com/tag/seriestv.html]
[p1r0r.com/el-poder-danes-audiovisual.html]
[p1r0r.com/tag/tv-es.html]
[p1r0r.com/sinverguenza/feed]
[p1r0r.com/wp-json/wp/v2/posts/4885.json]
[p1r0r.com/wp-json/oembed/1.0/embedfd00.json]
[p1r0r.com/wp-json/oembed/1.0/embedc1f2]
[p1r0r.com/wp-content/uploads/2016/02/220px-Paul_Abbott_cropped1-150x150.jpg]
[p1r0r.com/tag/producer-es.html]
[p1r0r.com/tag/series-tv-es.html]
[p1r0r.com/sinverguenza.html]
[p1r0r.com/tag/usa-es.html]
[p1r0r.com/cortes-daneses/feed]
[p1r0r.com/wp-json/wp/v2/posts/4855.json]
[p1r0r.com/wp-json/oembed/1.0/embed7636.json]
[p1r0r.com/wp-json/oembed/1.0/embed6e5a]
[p1r0r.com/tag/award-es.html]
[p1r0r.com/tag/cannes-es.html]
[p1r0r.com/tag/danish-es.html]
[p1r0r.com/tag/denmark-es.html]
[p1r0r.com/tag/film-es.html]
[p1r0r.com/tag/mads-mikkelsen-es.html]
[p1r0r.com/cortes-daneses.html]
[p1r0r.com/tag/movie-es.html]
[p1r0r.com/category/3d-es/feed]
[p1r0r.com/wp-json/wp/v2/categories/251.json]
[p1r0r.com/mooc-mooc-2.html]
[p1r0r.com/bitseller-cortometraje.html]
[p1r0r.com/el-oso-y-la-liebre.html]
[p1r0r.com/mas-pixels.html]
[p1r0r.com/blinky-2.html]
[p1r0r.com/wp-content/uploads/2015/04/blinky1-420x215.jpg]
[p1r0r.com/wp-content/uploads/2015/04/8-Bits-Animated-Short-Film-Directed-by-Valere-Amirault-Jean-Delaunay-Sarah-Laufer-Benjamin-Mattern1-420x215.jpg]
[p1r0r.com/8bit-2.html]
[p1r0r.com/category/3d-es.html]
[p1r0r.com/category/advertising-es/feed]
[p1r0r.com/wp-json/wp/v2/categories/253.json]
[p1r0r.com/category/advertising-es.html]
[p1r0r.com/category/culture-es/animation-es/feed]
[p1r0r.com/wp-json/wp/v2/categories/224.json]
[p1r0r.com/category/culture-es/animation-es.html]
[p1r0r.com/loving-vicent.html]
[p1r0r.com/category/art-es/feed]
[p1r0r.com/wp-json/wp/v2/categories/249.json]
[p1r0r.com/wp-content/uploads/2016/09/HEAD-420x215.jpg]
[p1r0r.com/indimenticabile-2.html]
[p1r0r.com/wp-content/uploads/2016/07/cavalleria-locandina1.jpg]
[p1r0r.com/primeras-notas-sobre-diseno-de-luz-escenica.html]
[p1r0r.com/la-maschera-e-lattaccapanni-2.html]
[p1r0r.com/wp-content/uploads/2016/09/Maschera-420x215.jpg]
[p1r0r.com/wp-content/uploads/2016/09/WPMaschere.jpg]
[p1r0r.com/wp-content/uploads/2016/09/WPMaschere-1500x846.jpg]
[p1r0r.com/afinando-instrumentos.html]
[p1r0r.com/que-empiece-la-funcion.html]
[p1r0r.com/category/art-es/page/2.html]
[p1r0r.com/category/art-es.html]
[p1r0r.com/category/audiovisual-es/feed]
[p1r0r.com/wp-json/wp/v2/categories/247.json]
[p1r0r.com/manual-de-como-ser-un-payaso.html]
[p1r0r.com/category/audiovisual-es/page/2.html]
[p1r0r.com/category/audiovisual-es/page/3.html]
[p1r0r.com/category/audiovisual-es.html]
[p1r0r.com/category/bollywood-es/feed]
[p1r0r.com/wp-json/wp/v2/categories/255.json]
[p1r0r.com/porque-el-lo-vale.html]
[p1r0r.com/category/bollywood-es.html]
[p1r0r.com/el-camino-a-algo.html]
[p1r0r.com/category/business-es/feed]
[p1r0r.com/wp-json/wp/v2/categories/257.json]
[p1r0r.com/category/business-es.html]
[p1r0r.com/yo-me-lo-cocino-yo-me-lo-como.html]
[p1r0r.com/category/culture-es/cinema-es/feed]
[p1r0r.com/wp-json/wp/v2/categories/163.json]
[p1r0r.com/un-desarrollo-fantastico.html]
[p1r0r.com/category/culture-es/cinema-es.html]
[p1r0r.com/category/culture-es/cinema-es/page/2.html]
[p1r0r.com/category/culture-es/feed]
[p1r0r.com/wp-json/wp/v2/categories/161.json]
[p1r0r.com/category/culture-es/page/2.html]
[p1r0r.com/category/culture-es/page/3.html]
[p1r0r.com/category/culture-es.html]
[p1r0r.com/category/culture-es/page/4.html]
[p1r0r.com/category/europe-es/feed]
[p1r0r.com/wp-json/wp/v2/categories/239.json]
[p1r0r.com/category/europe-es/page/2.html]
[p1r0r.com/category/europe-es.html]
[p1r0r.com/category/history-es/feed]
[p1r0r.com/wp-json/wp/v2/categories/259.json]
[p1r0r.com/category/history-es.html]
[p1r0r.com/category/hollywood-es/feed]
[p1r0r.com/wp-json/wp/v2/categories/490.json]
[p1r0r.com/category/hollywood-es.html]
[p1r0r.com/category/opera-es/feed]
[p1r0r.com/wp-json/wp/v2/categories/498.json]
[p1r0r.com/category/opera-es.html]
[p1r0r.com/category/painting-es/feed]
[p1r0r.com/wp-json/wp/v2/categories/538.json]
[p1r0r.com/category/painting-es.html]
[p1r0r.com/category/quotes-es/feed]
[p1r0r.com/wp-json/wp/v2/categories/510.json]
[p1r0r.com/category/quotes-es.html]
[p1r0r.com/cadenas-cadenas-cadenas.html]
[p1r0r.com/category/serie-tv-es/feed]
[p1r0r.com/wp-json/wp/v2/categories/241.json]
[p1r0r.com/category/serie-tv-es.html]
[p1r0r.com/esa-terrible-linea-amarilla.html]
[p1r0r.com/category/technology-es/feed]
[p1r0r.com/wp-json/wp/v2/categories/608.json]
[p1r0r.com/category/technology-es.html]
[p1r0r.com/category/culture-es/tv/feed]
[p1r0r.com/wp-json/wp/v2/categories/165.json]
[p1r0r.com/category/culture-es/tv.html]
[p1r0r.com/category/culture-es/tv/page/2.html]
[p1r0r.com/category/uncategorized/feed]
[p1r0r.com/wp-json/wp/v2/categories/1.json]
[p1r0r.com/category/uncategorized.html]
[p1r0r.com/category/vfx-es/feed]
[p1r0r.com/wp-json/wp/v2/categories/190.json]
[p1r0r.com/category/vfx-es.html]
[p1r0r.com/category/world-es/feed]
[p1r0r.com/wp-json/wp/v2/categories/562.json]
[p1r0r.com/nanni-moretti-2.html]
[p1r0r.com/wp-content/uploads/2015/04/nanni-moretti-11-420x215.jpg]
[p1r0r.com/category/world-es.html]
[p1r0r.com/wp-content/plugins/shortcodes-ultimate/includes/images/player/default.png]
[p1r0r.com/wp-content/plugins/shortcodes-ultimate/includes/images/styles/style-soft.png]
[p1r0r.com/wp-content/plugins/shortcodes-ultimate/includes/images/styles/style-glass.png]
[p1r0r.com/wp-content/plugins/shortcodes-ultimate/includes/images/styles/style-bubbles.png]
[p1r0r.com/wp-content/plugins/shortcodes-ultimate/includes/images/styles/style-noise.png]
[p1r0r.com/wp-content/plugins/shortcodes-ultimate/includes/images/swiper/default.png]
[p1r0r.com/wp-content/plugins/shortcodes-ultimate/includes/images/quote.png]
[p1r0r.com/wp-content/plugins/shortcodes-ultimate/includes/images/player/default-start.png]
[p1r0r.com/wp-content/plugins/shortcodes-ultimate/includes/css/shortcodesa950.css]
[p1r0r.com/category/culture]
[p1r0r.com/category/europe]
[p1r0r.com/category/world]
[p1r0r.com/category/art]
[p1r0r.com/category/cinema]
[p1r0r.com/en/en-blog/page/2.html]
[p1r0r.com/en/en-blog/page/3.html]
[p1r0r.com/en/en-blog.html]
[p1r0r.com/en/en-blog/page/4.html]
[p1r0r.com/author/p1r0r/feed]
[p1r0r.com/wp-json/wp/v2/users/1.json]
[p1r0r.com/author/p1r0r/page/2.html]
[p1r0r.com/author/p1r0r/page/3.html]
[p1r0r.com/author/p1r0r.html]
[p1r0r.com/author/p1r0r/page/4.html]
[p1r0r.com/es-un-oboe-en-el-amazonas/feed]
[p1r0r.com/wp-json/wp/v2/posts/4827.json]
[p1r0r.com/wp-json/oembed/1.0/embed6caf.json]
[p1r0r.com/wp-json/oembed/1.0/embed1dfc]
[p1r0r.com/tag/america-es.html]
[p1r0r.com/tag/lirica-es.html]
[p1r0r.com/tag/music-es.html]
[p1r0r.com/tag/musica-es.html]
[p1r0r.com/es-un-oboe-en-el-amazonas.html]
[p1r0r.com/tag/theatre-es.html]
[p1r0r.com/wp-content/uploads/2018/03/mozart-in-the-jungle-poster-21.jpg]
[p1r0r.com/algeciras-vikingada/feed]
[p1r0r.com/wp-json/wp/v2/posts/4829.json]
[p1r0r.com/wp-json/oembed/1.0/embedcf98.json]
[p1r0r.com/wp-json/oembed/1.0/embed329c]
[p1r0r.com/tag/algeciras-es.html]
[p1r0r.com/tag/coproduction-es.html]
[p1r0r.com/algeciras-vikingada.html]
[p1r0r.com/tag/history-es.html]
[p1r0r.com/wp-content/uploads/2018/03/Al_Yazirat_recreación_011.png]
[p1r0r.com/4814-2/feed]
[p1r0r.com/wp-json/wp/v2/posts/4814.json]
[p1r0r.com/wp-json/oembed/1.0/embedcedc.json]
[p1r0r.com/wp-json/oembed/1.0/embedf708]
[p1r0r.com/4814-2.html]
[p1r0r.com/cusualidades-de-vuelta/feed]
[p1r0r.com/wp-json/wp/v2/posts/4831.json]
[p1r0r.com/wp-json/oembed/1.0/embed7c0e.json]
[p1r0r.com/wp-json/oembed/1.0/embed556c]
[upload.wikimedia.org/wikipedia/commons/6/63/Henryk_sienkiewicz_by_kazimierz_pochwalski.png]
[p1r0r.com/wp-content/uploads/2017/09/IMG_0536.jpg]
[p1r0r.com/wp-content/uploads/2017/09/Husar.jpg]
[p1r0r.com/tag/experiences-es.html]
[p1r0r.com/tag/filmmaker-es.html]
[p1r0r.com/tag/poland-es.html]
[p1r0r.com/cusualidades-de-vuelta.html]
[p1r0r.com/tag/politics-es.html]
[p1r0r.com/la-vara-2/feed]
[p1r0r.com/wp-json/wp/v2/posts/4835.json]
[p1r0r.com/wp-json/oembed/1.0/embeda773.json]
[p1r0r.com/wp-json/oembed/1.0/embed1a6f]
[p1r0r.com/wp-content/uploads/2016/09/Entrada-Duomo.jpg]
[p1r0r.com/wp-content/uploads/2016/09/Messina-Antica.jpg]
[p1r0r.com/wp-content/uploads/2016/09/MecanismoWP.jpg]
[p1r0r.com/wp-content/uploads/2016/09/PanoBocceta.jpg]
[p1r0r.com/wp-content/uploads/2016/09/HermandadWP.jpg]
[p1r0r.com/wp-content/uploads/2016/09/HermandadWP-1024x662.jpg]
[normanno.com/N0rm4nn0/wp-content/uploads/2015/08/Vara-di-Messina-.jpg]
[p1r0r.com/wp-content/uploads/2016/09/Pies.jpg]
[p1r0r.com/wp-content/uploads/2016/09/Fuegos-ArtificialesWP.jpg]
[p1r0r.com/wp-content/uploads/2016/09/Fuegos-ArtificialesWP-960x540.jpg]
[p1r0r.com/tag/italia-es.html]
[p1r0r.com/tag/italy-es.html]
[p1r0r.com/tag/messina-es.html]
[p1r0r.com/tag/sicilia-es.html]
[p1r0r.com/tag/sicily-es.html]
[p1r0r.com/la-vara-2.html]
[p1r0r.com/wp-content/uploads/2016/09/Asfalto-mojadoWP.jpg]
[p1r0r.com/tag/traditions-es.html]
[p1r0r.com/cabalgata-de-los-gigantes/feed]
[p1r0r.com/wp-json/wp/v2/posts/4837.json]
[p1r0r.com/wp-json/oembed/1.0/embedb97c.json]
[p1r0r.com/wp-json/oembed/1.0/embed7e13]
[p1r0r.com/wp-content/uploads/2016/09/PiazzaEuropa.jpg]
[p1r0r.com/wp-content/uploads/2016/09/PiazzaEuropa-960x540.jpg]
[www.mataegrifone.com/public/1/8.jpg]
[www.mataegrifone.com/public/1/7.jpg]
[www.mataegrifone.com/images/curiosita.png]
[p1r0r.com/tag/tradition-es.html]
[p1r0r.com/cabalgata-de-los-gigantes.html]
[p1r0r.com/en/la-vara/feed]
[p1r0r.com/wp-json/wp/v2/posts/4355.json]
[p1r0r.com/wp-json/oembed/1.0/embede794.json]
[p1r0r.com/wp-json/oembed/1.0/embed097e]
[p1r0r.com/tag/culture]
[p1r0r.com/tag/italia]
[p1r0r.com/tag/italy]
[p1r0r.com/tag/messina]
[p1r0r.com/tag/sicilia]
[p1r0r.com/tag/sicily]
[p1r0r.com/tag/traditions]
[p1r0r.com/en/la-vara.html]
[p1r0r.com/concierto-en-el-cementerio/feed]
[p1r0r.com/wp-json/wp/v2/posts/4843.json]
[p1r0r.com/wp-json/oembed/1.0/embed0b3f.json]
[p1r0r.com/wp-json/oembed/1.0/embeda6f6]
[p1r0r.com/wp-content/uploads/2016/09/20160608_164046000_iOS.jpg]
[p1r0r.com/wp-content/uploads/2016/09/20160608_164046000_iOS-1024x700.jpg]
[p1r0r.com/wp-content/uploads/2016/09/Desde-Abajo.jpg]
[p1r0r.com/wp-content/uploads/2016/09/Desde-Abajo-1500x488.jpg]
[p1r0r.com/wp-content/uploads/2016/09/Desde-Arriba.jpg]
[p1r0r.com/wp-content/uploads/2016/09/Desde-Arriba-1500x571.jpg]
[p1r0r.com/wp-content/uploads/2016/09/Panteones.jpg]
[p1r0r.com/wp-content/uploads/2016/09/PanoORches.jpg]
[p1r0r.com/tag/art-es.html]
[p1r0r.com/tag/creepy-es.html]
[p1r0r.com/tag/orchestra-es.html]
[p1r0r.com/tag/teatro-vittorio-emanuele-es.html]
[p1r0r.com/concierto-en-el-cementerio.html]
[p1r0r.com/patron-patronero.html]
[p1r0r.com/blog/page/2.html]
[p1r0r.com/changing-places-2.html]
[p1r0r.com/blog/page/3.html]
[p1r0r.com/blog/page/4.html]
[p1r0r.com/index430a.html]
[p1r0r.com/wp-json/oembed/1.0/embed9726.json]
[p1r0r.com/wp-json/oembed/1.0/embed2b56]
[p1r0r.com/wp-content/uploads/2019/02/Cam_Gen.jpg]
[p1r0r.com/wp-content/uploads/2019/02/Cam_Gen-1500x844.jpg]
[p1r0r.com/wp-content/uploads/2019/02/Cam_UpDesk.jpg]
[p1r0r.com/wp-content/uploads/2019/02/Cam_UpDesk-1500x844.jpg]
[p1r0r.com/wp-content/uploads/2019/02/Cam_Bed.jpg]
[p1r0r.com/wp-content/uploads/2019/02/Cam_Bed-1500x844.jpg]
[p1r0r.com/wp-content/uploads/2019/02/Cam_Desk.jpg]
[p1r0r.com/wp-content/uploads/2019/02/Cam_Desk-1500x844.jpg]
[p1r0r.com/portfolio/simpleroom-2.html]
[p1r0r.com/wp-json/oembed/1.0/embedf645.json]
[p1r0r.com/wp-json/oembed/1.0/embed9e74]
[p1r0r.com/portfolio/retratos.html]
[p1r0r.com/en/portfolio/portraits.html]
[p1r0r.com/index0c18.html]
[p1r0r.com/wp-json/oembed/1.0/embed653e.json]
[p1r0r.com/wp-json/oembed/1.0/embed8fa1]
[p1r0r.com/portfolio/snailrun-2.html]
[p1r0r.com/portfolio/still-2.html]
[p1r0r.com/wp-json/oembed/1.0/embedc661.json]
[p1r0r.com/wp-json/oembed/1.0/embed0d61]
[p1r0r.com/en/portfolio/still.html]
[p1r0r.com/indexc20c.html]
[p1r0r.com/wp-json/oembed/1.0/embedc3a9.json]
[p1r0r.com/wp-json/oembed/1.0/embed9b95]
[p1r0r.com/wp-content/uploads/2018/05/lOGOwEB-1500x1159.jpg]
[p1r0r.com/portfolio/servicio-de-voluntariado-europeo.html]
[p1r0r.com/wp-content/uploads/2018/05/DresdenLandscape.jpg]
[p1r0r.com/wp-content/uploads/2018/05/IMG_0410-1500x1125.jpg]
[p1r0r.com/index531b.html]
[p1r0r.com/wp-json/oembed/1.0/embed6aa6.json]
[p1r0r.com/wp-json/oembed/1.0/embed0993]
[p1r0r.com/portfolio/compania-de-ingenieria.html]
[p1r0r.com/wp-content/uploads/2018/05/EngiCompa.jpg]
[p1r0r.com/index2d34.html]
[p1r0r.com/wp-json/oembed/1.0/embedd377.json]
[p1r0r.com/wp-json/oembed/1.0/embedc3b1]
[p1r0r.com/portfolio/4979.html]
[p1r0r.com/wp-content/uploads/2018/05/meyzaweb.png]
[p1r0r.com/wp-content/uploads/2018/05/meyzaweb2.png]
[p1r0r.com/indexa2fd.html]
[p1r0r.com/wp-json/oembed/1.0/embed0abd.json]
[p1r0r.com/wp-json/oembed/1.0/embed0aed]
[p1r0r.com/portfolio/es-sogno-messinese.html]
[p1r0r.com/wp-content/uploads/2018/07/IMG_2879.jpg]
[p1r0r.com/wp-content/uploads/2018/07/IMG_2884.jpg]
[p1r0r.com/wp-content/uploads/2018/07/DSC_0139.jpg]
[p1r0r.com/wp-content/uploads/2018/07/DSC_0139-1500x1004.jpg]
[p1r0r.com/en/la-maschera-e-lattaccapanni/feed]
[p1r0r.com/wp-json/wp/v2/posts/4420.json]
[p1r0r.com/wp-json/oembed/1.0/embedad69.json]
[p1r0r.com/wp-json/oembed/1.0/embed477d]
[p1r0r.com/wp-content/uploads/2016/09/Maria-Giuseppe-e-Gianni-WP.jpg]
[p1r0r.com/wp-content/uploads/2016/09/Maria-Giuseppe-e-Gianni-WP-960x540.jpg]
[p1r0r.com/wp-content/uploads/2016/09/WPToscano.jpg]
[www.strettoweb.com/wp-content/uploads/2016/06/aurelio-valentini-quadro.jpg]
[p1r0r.com/wp-content/uploads/2016/09/WP01Saverio.jpg]
[p1r0r.com/wp-content/uploads/2016/09/WP01Saverio-960x540.jpg]
[p1r0r.com/wp-content/uploads/2016/09/WPGianni-CORO.jpg]
[p1r0r.com/wp-content/uploads/2016/09/WpMúsicos.jpg]
[p1r0r.com/wp-content/uploads/2016/09/WpMúsicos-1024x700.jpg]
[p1r0r.com/wp-content/uploads/2016/09/WPRenzo-Palcoscenico.jpg]
[p1r0r.com/wp-content/uploads/2016/09/WPRenzo-Palcoscenico-1024x700.jpg]
[p1r0r.com/wp-content/uploads/2016/09/WPSantino.jpg]
[p1r0r.com/wp-content/uploads/2016/09/WPGlue.jpg]
[p1r0r.com/wp-content/uploads/2016/09/WPGlue-1024x700.jpg]
[p1r0r.com/wp-content/uploads/2016/09/WPCornice.jpg]
[p1r0r.com/wp-content/uploads/2016/09/WPCornice-1024x700.jpg]
[www.tempostretto.it/sites/www.tempostretto.it/files/13087640_1328206953862308_6762800314823130754_n.jpg]
[p1r0r.com/wp-content/uploads/2016/09/WPGrafica.jpg]
[p1r0r.com/wp-content/uploads/2016/09/WPGrafica-960x540.jpg]
[p1r0r.com/wp-content/uploads/2016/09/WPIMG_1709.jpg]
[p1r0r.com/wp-content/uploads/2016/09/WPIMG_1709-798x700.jpg]
[p1r0r.com/wp-content/uploads/2016/09/WPIMG_1691.jpg]
[p1r0r.com/wp-content/uploads/2016/09/WPIMG_1691-1024x700.jpg]
[p1r0r.com/wp-content/uploads/2016/09/WPunspecified.jpg]
[p1r0r.com/wp-content/uploads/2016/09/WPunspecified-819x700.jpg]
[p1r0r.com/wp-content/uploads/2016/09/WPRiverFlowu.jpg]
[p1r0r.com/wp-content/uploads/2016/09/WPRiverFlowu-1500x838.jpg]
[p1r0r.com/wp-content/uploads/2016/09/WPPiano.jpg]
[p1r0r.com/wp-content/uploads/2016/09/WPSiSignore.jpg]
[p1r0r.com/wp-content/uploads/2016/09/WPSiSignore-1024x700.jpg]
[p1r0r.com/wp-content/uploads/2016/09/WPPOPOPO.jpg]
[p1r0r.com/wp-content/uploads/2016/09/WPPOPOPO-1024x700.jpg]
[p1r0r.com/wp-content/uploads/2016/09/WP-DANZA.jpg]
[p1r0r.com/wp-content/uploads/2016/09/WP-DANZA-1024x700.jpg]
[p1r0r.com/wp-content/uploads/2016/09/WPDanza.jpg]
[p1r0r.com/wp-content/uploads/2016/09/WPDanza-1500x599.jpg]
[p1r0r.com/wp-content/uploads/2016/09/WPAttacapanni.jpg]
[p1r0r.com/wp-content/uploads/2016/09/WPAttacapanni-1024x700.jpg]
[p1r0r.com/wp-content/uploads/2016/09/WPChicasAntes.jpg]
[p1r0r.com/wp-content/uploads/2016/09/WPChicasAntes-1024x700.jpg]
[p1r0r.com/wp-content/uploads/2016/09/WPCHICOSANTES.jpg]
[p1r0r.com/wp-content/uploads/2016/09/WPCHICOSANTES-1024x700.jpg]
[p1r0r.com/wp-content/uploads/2016/09/Locandina.jpg]
[p1r0r.com/wp-content/uploads/2016/09/WP-GiuGia-e-Momi.jpg]
[p1r0r.com/wp-content/uploads/2016/09/RecorteProgetto.jpg]
[p1r0r.com/wp-content/uploads/2016/09/WPFoto-Final.jpg]
[p1r0r.com/tag/art.2ee.delayed]
[p1r0r.com/tag/europe]
[p1r0r.com/tag/teatro-vittorio-emanuele]
[p1r0r.com/tag/theatre]
[p1r0r.com/en/la-maschera-e-lattaccapanni.html]
[p1r0r.com/wp-content/uploads/2016/09/Maschera.jpg]
[p1r0r.com/wp-content/uploads/2018/07/20160504_080607275_iOS.jpg]
[p1r0r.com/en/cemetery-concert/feed]
[p1r0r.com/wp-json/wp/v2/posts/4292.json]
[p1r0r.com/wp-json/oembed/1.0/embedf70e.json]
[p1r0r.com/wp-json/oembed/1.0/embed6e5e]
[p1r0r.com/en/tag/art-en.html]
[p1r0r.com/en/tag/creepy-en.html]
[p1r0r.com/en/tag/italia-en.html]
[p1r0r.com/en/tag/orchestra-en.html]
[p1r0r.com/en/cemetery-concert.html]
[p1r0r.com/en/tag/teatro-vittorio-emanuele-en.html]
[p1r0r.com/en/indimenticabile/feed]
[p1r0r.com/wp-json/wp/v2/posts/4380.json]
[p1r0r.com/wp-json/oembed/1.0/embedeef6.json]
[p1r0r.com/wp-json/oembed/1.0/embedd516]
[p1r0r.com/wp-content/uploads/2016/09/DANZAORQ.jpg]
[p1r0r.com/wp-content/uploads/2016/09/DANZAORQ-1500x750.jpg]
[p1r0r.com/wp-content/uploads/2016/09/DANZAORQ2.jpg]
[p1r0r.com/wp-content/uploads/2016/09/DANZAORQ2-1500x545.jpg]
[p1r0r.com/wp-content/uploads/2016/09/EnsayoEntradaWP.jpg]
[p1r0r.com/wp-content/uploads/2016/09/EnsayoEntradaWP-1500x712.jpg]
[p1r0r.com/wp-content/uploads/2016/09/Sinsosos.jpg]
[p1r0r.com/wp-content/uploads/2016/09/Sinsosos-960x540.jpg]
[p1r0r.com/wp-content/uploads/2016/09/Llegada-TeatroWP.jpg]
[p1r0r.com/wp-content/uploads/2016/09/Llegada-TeatroWP-1500x439.jpg]
[p1r0r.com/wp-content/uploads/2016/09/Desde-Arriba-TAOWP.jpg]
[p1r0r.com/wp-content/uploads/2016/09/Desde-Arriba-TAOWP-960x352.jpg]
[p1r0r.com/wp-content/uploads/2016/09/Abajo-Prova.jpg]
[p1r0r.com/wp-content/uploads/2016/09/Abajo-Prova-1500x602.jpg]
[p1r0r.com/wp-content/uploads/2016/07/Piazza.jpg]
[p1r0r.com/wp-content/uploads/2016/07/Piazza-1500x368.jpg]
[p1r0r.com/wp-content/uploads/2016/07/Spetta2WP.jpg]
[p1r0r.com/wp-content/uploads/2016/07/SPETTMED.jpg]
[p1r0r.com/wp-content/uploads/2016/07/SpettaWP.jpg]
[p1r0r.com/wp-content/uploads/2016/07/Yo-TAO.jpg]
[p1r0r.com/wp-content/uploads/2016/07/Yo-TAO-960x540.jpg]
[p1r0r.com/wp-content/uploads/2016/07/SPETTMED-960x540.jpg]
[p1r0r.com/en/indimenticabile06b6.html]
[p1r0r.com/category/opera]
[p1r0r.com/tag/audiovisual]
[p1r0r.com/tag/film]
[p1r0r.com/tag/opera]
[p1r0r.com/en/indimenticabile.html]
[p1r0r.com/en/first-notes-about-light-design/feed]
[p1r0r.com/wp-json/wp/v2/posts/4246.json]
[p1r0r.com/wp-json/oembed/1.0/embed2eb8.json]
[p1r0r.com/wp-json/oembed/1.0/embedd10a]
[p1r0r.com/wp-content/uploads/2016/09/CaspitaRenzo.jpg]
[p1r0r.com/wp-content/uploads/2016/09/CaspitaRenzo-1500x646.jpg]
[p1r0r.com/wp-content/uploads/2016/07/PiesRenzo-Foco.jpg]
[p1r0r.com/wp-content/uploads/2016/07/PiesRenzo-Foco-960x540.jpg]
[p1r0r.com/wp-content/uploads/2016/09/Untitled-1.png]
[p1r0r.com/wp-content/uploads/2016/09/Palcoscenico-01.png]
[p1r0r.com/wp-content/uploads/2016/09/Americana.jpg]
[p1r0r.com/wp-content/uploads/2016/09/gradicia.png]
[p1r0r.com/wp-content/uploads/2016/09/Focos-Luces.jpg]
[p1r0r.com/wp-content/uploads/2016/09/SAGOME.jpg]
[p1r0r.com/wp-content/uploads/2016/09/SAGOME-943x540.jpg]
[p1r0r.com/wp-content/uploads/2016/09/IMG_2317.jpg]
[p1r0r.com/wp-content/uploads/2016/09/IMG_2317-960x540.jpg]
[p1r0r.com/wp-content/uploads/2016/09/TIPOSFOCOS.jpg]
[p1r0r.com/wp-content/uploads/2016/07/Consola.jpg]
[p1r0r.com/en/tag/light-design]
[p1r0r.com/en/tag/diseno-de-luz-en.html]
[p1r0r.com/en/tag/light-design-en.html]
[p1r0r.com/en/tag/messina-en.html]
[p1r0r.com/en/tag/opera-en.html]
[p1r0r.com/en/tag/prima-americana-en.html]
[p1r0r.com/en/tag/prosa-en.html]
[p1r0r.com/en/tag/sicilia-en.html]
[p1r0r.com/en/first-notes-about-light-design.html]
[p1r0r.com/index0f22.html]
[p1r0r.com/en/tag/sicily-en.html]
[p1r0r.com/wp-json/oembed/1.0/embed4213.json]
[p1r0r.com/wp-json/oembed/1.0/embedc5fe]
[p1r0r.com/portfolio/milano-2.html]
[p1r0r.com/index9945.html]
[p1r0r.com/wp-json/oembed/1.0/embed23e7.json]
[p1r0r.com/wp-json/oembed/1.0/embed22af]
[p1r0r.com/portfolio/just.html]
[p1r0r.com/portfolio/temaflor-2.html]
[p1r0r.com/wp-json/oembed/1.0/embed91eb.json]
[p1r0r.com/wp-json/oembed/1.0/embeda438]
[p1r0r.com/en/portfolio/temaflor.html]
[p1r0r.com/indexcfeb.html]
[p1r0r.com/wp-json/oembed/1.0/embed8905.json]
[p1r0r.com/wp-json/oembed/1.0/embed32b6]
[p1r0r.com/portfolio/fashion.html]
[p1r0r.com/index88c6.html]
[p1r0r.com/wp-json/oembed/1.0/embedff90.json]
[p1r0r.com/portfolio/travel.html]
[p1r0r.com/index2920.html]
[p1r0r.com/wp-json/oembed/1.0/embed4c58]
[p1r0r.com/wp-content/uploads/2018/03/Cora_de_algeciras1.jpg]
[p1r0r.com/en/author/p1r0r/feed]
[p1r0r.com/en/author/p1r0r/page/2.html]
[p1r0r.com/en/author/p1r0r/page/3.html]
[p1r0r.com/en/author/p1r0r/page/4.html]
[p1r0r.com/en/author/p1r0r.html]
[p1r0r.com/en/tag/algeciras-en/feed]
[p1r0r.com/wp-json/wp/v2/tags/192.json]
[p1r0r.com/en/tag/algeciras-en.html]
[p1r0r.com/en/tag/audiovisual-en/feed]
[p1r0r.com/wp-json/wp/v2/tags/176.json]
[p1r0r.com/en/tag/audiovisual-en/page/2.html]
[p1r0r.com/en/tag/audiovisual-en.html]
[p1r0r.com/en/tag/coproduction-en/feed]
[p1r0r.com/wp-json/wp/v2/tags/194.json]
[p1r0r.com/en/tag/coproduction-en.html]
[p1r0r.com/en/tag/culture-en/feed]
[p1r0r.com/wp-json/wp/v2/tags/178.json]
[p1r0r.com/en/tag/culture-en/page/2.html]
[p1r0r.com/en/tag/culture-en.html]
[p1r0r.com/en/tag/danish-en/feed]
[p1r0r.com/wp-json/wp/v2/tags/196.json]
[p1r0r.com/en/tag/danish-en.html]
[p1r0r.com/en/tag/denmark-en/feed]
[p1r0r.com/wp-json/wp/v2/tags/180.json]
[p1r0r.com/en/tag/denmark-en.html]
[p1r0r.com/en/tag/europe-en/feed]
[p1r0r.com/wp-json/wp/v2/tags/184.json]
[p1r0r.com/en/tag/europe-en/page/2.html]
[p1r0r.com/en/tag/europe-en.html]
[p1r0r.com/en/tag/history-en/feed]
[p1r0r.com/wp-json/wp/v2/tags/198.json]
[p1r0r.com/en/tag/history-en.html]
[p1r0r.com/en/tag/series-tv-en/feed]
[p1r0r.com/wp-json/wp/v2/tags/186.json]
[p1r0r.com/en/tag/series-tv-en.html]
[p1r0r.com/en/tag/tv-en/feed]
[p1r0r.com/wp-json/wp/v2/tags/188.json]
[p1r0r.com/en/tag/tv-en.html]
[p1r0r.com/en/tag/usa-en/feed]
[p1r0r.com/wp-json/wp/v2/tags/200.json]
[p1r0r.com/en/tag/usa-en.html]
[p1r0r.com/indexad35.html]
[p1r0r.com/en/that-creepy-yellow-line/feed]
[p1r0r.com/wp-json/wp/v2/posts/3813.json]
[p1r0r.com/wp-json/oembed/1.0/embedc74c.json]
[p1r0r.com/wp-json/oembed/1.0/embedd970]
[nordicnoir.tv/wordpress/wp-content/uploads/2014/07/martinrohde1.jpg]
[static.guim.co.uk/sys-images/Business/Pix/cartoon/2014/1/17/1389997427965/The-Bridge-010.jpg]
[i.pinimg.com/736x/c4/6c/6e/c46c6e54df9f2a57b733b55bbb8584b2.jpg]
[p1r0r.com/en/tag/bronbroen-en.html]
[p1r0r.com/en/that-creepy-yellow-line.html]
[p1r0r.com/wp-content/uploads/2018/03/tumblr_p0v0mqmcO91s9f5e5o1_12801.png]
[p1r0r.com/en/tag/the-bridge-en.html]
[p1r0r.com/en/tag/denmark-danish-en/feed]
[p1r0r.com/wp-json/wp/v2/tags/182.json]
[p1r0r.com/en/tag/denmark-danish-en.html]
[p1r0r.com/indexb6b5.html]
[p1r0r.com/en/returning-coincidences/feed]
[p1r0r.com/wp-json/wp/v2/posts/4537.json]
[p1r0r.com/wp-json/oembed/1.0/embed84e5.json]
[p1r0r.com/wp-json/oembed/1.0/embed86a6]
[p1r0r.com/en/tag/cinema-en.html]
[p1r0r.com/en/tag/experiences-en.html]
[p1r0r.com/en/tag/film-en.html]
[p1r0r.com/en/tag/filmmaker-en.html]
[p1r0r.com/en/tag/poland-en.html]
[p1r0r.com/en/returning-coincidences.html]
[p1r0r.com/en/tag/teatro-vittorio-emanuele.html]
[p1r0r.com/en/tag/politics-en.html]
[p1r0r.com/en/tag/america-en/feed]
[p1r0r.com/wp-json/wp/v2/tags/271.json]
[p1r0r.com/en/tag/america-en.html]
[p1r0r.com/en/tag/lirica-en/feed]
[p1r0r.com/wp-json/wp/v2/tags/273.json]
[p1r0r.com/en/tag/lirica-en.html]
[p1r0r.com/en/tag/music-en/feed]
[p1r0r.com/wp-json/wp/v2/tags/275.json]
[p1r0r.com/en/tag/music-en.html]
[p1r0r.com/en/tag/musica-en/feed]
[p1r0r.com/wp-json/wp/v2/tags/277.json]
[p1r0r.com/en/tag/musica-en.html]
[p1r0r.com/en/tag/theatre-en/feed]
[p1r0r.com/wp-json/wp/v2/tags/279.json]
[p1r0r.com/en/tag/theatre-en.html]
[p1r0r.com/en/mooc-mooc/feed]
[p1r0r.com/wp-json/wp/v2/posts/4523.json]
[p1r0r.com/wp-json/oembed/1.0/embeda59d.json]
[p1r0r.com/wp-json/oembed/1.0/embed0311]
[p1r0r.com/en/tag/3d-en.html]
[p1r0r.com/en/tag/animation-en.html]
[p1r0r.com/en/tag/future-en.html]
[p1r0r.com/en/tag/india-en.html]
[p1r0r.com/en/tag/indian-en.html]
[p1r0r.com/en/tag/italy-en.html]
[p1r0r.com/en/tag/management-en.html]
[p1r0r.com/en/tag/mooc-en.html]
[p1r0r.com/en/tag/movie-en.html]
[p1r0r.com/en/tag/shortfilm-en.html]
[p1r0r.com/wp-content/plugins/shortcodes-ultimate/includes/js/shortcodes/indexa950.js]
[p1r0r.com/en/mooc-mooc.html]
[p1r0r.com/en/bitseller-shortfilm/feed]
[p1r0r.com/wp-json/wp/v2/posts/4198.json]
[p1r0r.com/wp-json/oembed/1.0/embed4479.json]
[p1r0r.com/wp-json/oembed/1.0/embed1cf8]
[www.genomaanimation.com/imagenes/galeriasCabeceras/home/img01.394.delayed]
[p1r0r.com/en/tag/andalucia-en.html]
[p1r0r.com/en/tag/granada-en.html]
[p1r0r.com/en/bitseller-shortfilm.html]
[p1r0r.com/en/tag/spain-en.html]
[p1r0r.com/en/fantastically-growing/feed]
[p1r0r.com/wp-json/wp/v2/posts/3843.json]
[p1r0r.com/wp-json/oembed/1.0/embed0613.json]
[p1r0r.com/wp-json/oembed/1.0/embed3ec6]
[p1r0r.com/en/tag/bollywood-en.html]
[p1r0r.com/en/fantastically-growing.html]
[p1r0r.com/en/tag/movie-cinema-en.html]
[p1r0r.com/en/the-bear-the-hare/feed]
[p1r0r.com/wp-json/wp/v2/posts/3806.json]
[p1r0r.com/wp-json/oembed/1.0/embedabd9.json]
[p1r0r.com/wp-json/oembed/1.0/embed6a71]
[p1r0r.com/en/tag/advertising-en.html]
[p1r0r.com/en/tag/bear-en.html]
[p1r0r.com/en/tag/hare-en.html]
[p1r0r.com/en/tag/snow-en.html]
[p1r0r.com/en/tag/tender-en.html]
[p1r0r.com/en/tag/uk-en.html]
[p1r0r.com/en/the-bear-the-hare.html]
[p1r0r.com/en/tag/winter-en.html]
[p1r0r.com/en/more-pixels/feed]
[p1r0r.com/wp-json/wp/v2/posts/3763.json]
[p1r0r.com/wp-json/oembed/1.0/embede644.json]
[p1r0r.com/wp-json/oembed/1.0/embed73c8]
[p1r0r.com/en/nanni-moretti.html]
[p1r0r.com/en/tag/compositing-en.html]
[p1r0r.com/en/tag/pixels-en.html]
[p1r0r.com/en/tag/tetris-en.html]
[p1r0r.com/en/more-pixels.html]
[p1r0r.com/en/tag/videogames-en.html]
[p1r0r.com/en/loving-vincent/feed]
[p1r0r.com/wp-json/wp/v2/posts/4171.json]
[p1r0r.com/wp-json/oembed/1.0/embed74f4.json]
[p1r0r.com/wp-json/oembed/1.0/embedbf2e]
[www.thisiscolossal.com/wp-content/uploads/2016/02/loving-1.jpg]
[www.thisiscolossal.com/wp-content/uploads/2016/02/loving-3.jpg]
[join.lovingvincent.com/photos/p_01.3bc.delayed]
[www.thisiscolossal.com/wp-content/uploads/2016/02/van-1.gif]
[www.thisiscolossal.com/wp-content/uploads/2016/02/van-2-new.gif]
[p1r0r.com/en/loving-vincent.html]
[p1r0r.com/en/tuning-up-the-instruments/feed]
[p1r0r.com/wp-json/wp/v2/posts/4155.json]
[p1r0r.com/wp-json/oembed/1.0/embed7914.json]
[p1r0r.com/wp-json/oembed/1.0/embed5cb5]
[p1r0r.com/wp-content/uploads/2016/03/playopera.jpg]
[d2arzumarx9cwl.cloudfront.net/wp-content/uploads/edxlogo.png]
[3.bp.blogspot.com/_Jl9ylLWOGVw/TAYkg9wvmTI/AAAAAAAAGao/mq-TJ-jM5-w/s1600/oi m.jpg]
[noktonmagazine.com/wp-content/uploads/2015/03/thisisopera.jpg]
[p1r0r.com/en/tuning-up-the-instruments.html]
[p1r0r.com/en/let-the-play-begin/feed]
[p1r0r.com/wp-content/plugins/shortcodes-ultimate/vendor/jplayer/jplayer8d5a.js]
[p1r0r.com/wp-json/wp/v2/posts/4150.json]
[p1r0r.com/wp-json/oembed/1.0/embed3a90.json]
[p1r0r.com/wp-json/oembed/1.0/embedc85b]
[images6.fotosik.pl/255/4b3a769af8b6fbacmed.jpg]
[p1r0r.com/en/tag/classic-en.html]
[p1r0r.com/en/tag/theater-en.html]
[p1r0r.com/en/let-the-play-begin.html]
[p1r0r.com/en/how-to-be-a-clown-manual/feed]
[p1r0r.com/wp-json/wp/v2/posts/4191.json]
[p1r0r.com/wp-json/oembed/1.0/embed0ba8.json]
[p1r0r.com/wp-json/oembed/1.0/embed4ffe]
[i2-images4.tv2net.dk/s/56/41066356-7b306857530003b80c48716cde699b5e.jpg]
[p1r0r.com/en/how-to-be-a-clown-manual.html]
[i2.wp.com/bitcast-a-sm.bitgravity.com/slashfilm/wp/wp-content/images/Klovn.html]
[p1r0r.com/en/shameless/feed]
[p1r0r.com/wp-json/wp/v2/posts/4135.json]
[p1r0r.com/wp-json/oembed/1.0/embedbd5f.json]
[p1r0r.com/wp-json/oembed/1.0/embed71bd]
[p1r0r.com/en/shameless.html]
[p1r0r.com/en/tag/producer-en.html]
[p1r0r.com/en/category/audiovisual-en/page/2.html]
[p1r0r.com/en/because-he-worth-it/feed]
[p1r0r.com/wp-json/wp/v2/posts/3760.json]
[p1r0r.com/wp-json/oembed/1.0/embed03d7.json]
[p1r0r.com/wp-json/oembed/1.0/embed4395]
[i.ytimg.com/vi/qKRTNlz1erQ/maxresdefault.jpg]
[p1r0r.com/en/because-he-worth-it.html]
[p1r0r.com/en/tag/superstar-en.html]
[p1r0r.com/en/the-road-to-something/feed]
[p1r0r.com/wp-json/wp/v2/posts/3697.json]
[p1r0r.com/wp-json/oembed/1.0/embed67c3.json]
[p1r0r.com/wp-json/oembed/1.0/embed316f]
[p1r0r.com/en/blinky.html]
[p1r0r.com/en/tag/canada-en.html]
[p1r0r.com/en/tag/criticism-en.html]
[p1r0r.com/en/tag/social-en.html]
[p1r0r.com/en/the-road-to-something.html]
[in.bookmyshow.com/entertainment/wp-content/uploads/image/B-Town Buzz/Deepa Mehta.html]
[p1r0r.com/en/tag/tradition-en.html]
[p1r0r.com/en/danish-slices/feed]
[p1r0r.com/wp-json/wp/v2/posts/3798.json]
[p1r0r.com/wp-json/oembed/1.0/embedb05e.json]
[p1r0r.com/wp-json/oembed/1.0/embed34a6]
[p1r0r.com/en/tag/award-en.html]
[p1r0r.com/en/tag/cannes-en.html]
[p1r0r.com/en/danish-slices.html]
[p1r0r.com/en/tag/mads-mikkelsen-en.html]
[p1r0r.com/en/es-cabalgata-de-los-gigantes-mata-e-grifone/feed]
[p1r0r.com/wp-json/wp/v2/posts/4346.json]
[p1r0r.com/wp-json/oembed/1.0/embed9612.json]
[p1r0r.com/wp-json/oembed/1.0/embedb00d]
[p1r0r.com/en/es-cabalgata-de-los-gigantes-mata-e-grifone.html]
[p1r0r.com/en/es-cabalgata-de-los-gigantes-mata-e-grifone094c.html]
[p1r0r.com/en/pattern-patron/feed]
[p1r0r.com/wp-json/wp/v2/posts/4208.json]
[p1r0r.com/wp-json/oembed/1.0/embed03b7.json]
[p1r0r.com/wp-json/oembed/1.0/embedbf57]
[p1r0r.com/wp-content/uploads/2016/03/INFOLANGENG.jpg]
[p1r0r.com/wp-content/uploads/2016/03/INFOLANGSPA.jpg]
[p1r0r.com/en/pattern-patron.html]
[p1r0r.com/en/tag/language-en.html]
[p1r0r.com/en/category/culture-en/page/2.html]
[p1r0r.com/en/category/europe-en/page/2.html]
[p1r0r.com/en/chains-chains-chains/feed]
[p1r0r.com/wp-json/wp/v2/posts/3791.json]
[p1r0r.com/wp-json/oembed/1.0/embed3230.json]
[p1r0r.com/wp-json/oembed/1.0/embed265d]
[p1r0r.com/en/tag/fake-en.html]
[p1r0r.com/en/tag/pablo-neruda-en.html]
[p1r0r.com/en/tag/poem-en.html]
[p1r0r.com/en/tag/poetry-en.html]
[p1r0r.com/en/tag/quote-en.html]
[p1r0r.com/en/chains-chains-chains.html]
[p1r0r.com/en/tag/relax-en.html]
[p1r0r.com/en/changing-places/feed]
[p1r0r.com/wp-json/wp/v2/posts/3776.json]
[p1r0r.com/wp-json/oembed/1.0/embedc0ce.json]
[p1r0r.com/wp-json/oembed/1.0/embedb644]
[p1r0r.com/en/changing-places.html]
[p1r0r.com/en/tag/piano-en.html]
[p1r0r.com/en/danish-hand-power/feed]
[p1r0r.com/wp-json/wp/v2/posts/3835.json]
[p1r0r.com/wp-json/oembed/1.0/embed45a0.json]
[p1r0r.com/wp-json/oembed/1.0/embed03e1]
[p1r0r.com/en/danish-hand-power.html]
[p1r0r.com/en/tag/borgen-en.html]
[p1r0r.com/en/i-cook-i-eat-it/feed]
[p1r0r.com/wp-json/wp/v2/posts/3756.json]
[p1r0r.com/wp-json/oembed/1.0/embed708d.json]
[p1r0r.com/wp-json/oembed/1.0/embedee23]
[p1r0r.com/en/tag/aaron-sorkin-en.html]
[p1r0r.com/en/tag/patriotism-en.html]
[p1r0r.com/en/i-cook-i-eat-it.html]
[pmcdeadline2.files.wordpress.com/2013/09/aaron-sorkin__130614064500.html]
[p1r0r.com/index79f4.html]
[p1r0r.com/indexd519.html]
[p1r0r.com/index4328.html]
[p1r0r.com/en/tag/screenwriter-en.html]
[p1r0r.com/tag/audiovisual-es/feed]
[p1r0r.com/wp-json/wp/v2/tags/484.json]
[p1r0r.com/tag/audiovisual-es/page/2.html]
[p1r0r.com/tag/audiovisual-es.html]
[p1r0r.com/tag/cinema-es/feed]
[p1r0r.com/wp-json/wp/v2/tags/486.json]
[p1r0r.com/tag/cinema-es.html]
[p1r0r.com/tag/cinema-es/page/2.html]
[p1r0r.com/tag/culture-es/feed]
[p1r0r.com/wp-json/wp/v2/tags/170.json]
[p1r0r.com/tag/culture-es/page/2.html]
[p1r0r.com/tag/culture-es.html]
[p1r0r.com/tag/europe-es/feed]
[p1r0r.com/wp-json/wp/v2/tags/174.json]
[p1r0r.com/tag/europe-es/page/2.html]
[p1r0r.com/tag/europe-es.html]
[p1r0r.com/tag/seriestv/feed]
[p1r0r.com/tag/europe-es/page/3.html]
[p1r0r.com/wp-json/wp/v2/tags/168.json]
[p1r0r.com/tag/seriestv.html]
[p1r0r.com/tag/tv-es/feed]
[p1r0r.com/wp-json/wp/v2/tags/488.json]
[p1r0r.com/tag/tv-es.html]
[p1r0r.com/index5b37.html]
[p1r0r.com/tag/producer-es/feed]
[p1r0r.com/wp-json/wp/v2/tags/492.json]
[p1r0r.com/tag/producer-es.html]
[p1r0r.com/tag/series-tv-es/feed]
[p1r0r.com/wp-json/wp/v2/tags/494.json]
[p1r0r.com/tag/series-tv-es.html]
[p1r0r.com/tag/usa-es/feed]
[p1r0r.com/wp-json/wp/v2/tags/496.json]
[p1r0r.com/tag/usa-es.html]
[p1r0r.com/index5664.html]
[p1r0r.com/tag/award-es/feed]
[p1r0r.com/wp-json/wp/v2/tags/590.json]
[p1r0r.com/tag/award-es.html]
[p1r0r.com/tag/cannes-es/feed]
[p1r0r.com/wp-json/wp/v2/tags/592.json]
[p1r0r.com/tag/cannes-es.html]
[p1r0r.com/tag/danish-es/feed]
[p1r0r.com/wp-json/wp/v2/tags/594.json]
[p1r0r.com/tag/danish-es.html]
[p1r0r.com/tag/denmark-es/feed]
[p1r0r.com/wp-json/wp/v2/tags/172.json]
[p1r0r.com/tag/denmark-es.html]
[p1r0r.com/tag/film-es/feed]
[p1r0r.com/wp-json/wp/v2/tags/530.json]
[p1r0r.com/tag/film-es/page/2.html]
[p1r0r.com/tag/film-es.html]
[p1r0r.com/tag/mads-mikkelsen-es/feed]
[p1r0r.com/wp-json/wp/v2/tags/596.json]
[p1r0r.com/tag/mads-mikkelsen-es.html]
[p1r0r.com/tag/movie-es/feed]
[p1r0r.com/wp-json/wp/v2/tags/534.json]
[p1r0r.com/tag/movie-es.html]
[p1r0r.com/mooc-mooc-2/feed]
[p1r0r.com/wp-json/wp/v2/posts/4833.json]
[p1r0r.com/wp-json/oembed/1.0/embed7bc0.json]
[p1r0r.com/wp-json/oembed/1.0/embedfb69]
[p1r0r.com/tag/3d-es.html]
[p1r0r.com/tag/animation-es.html]
[p1r0r.com/tag/future-es.html]
[p1r0r.com/tag/india-es.html]
[p1r0r.com/tag/indian-es.html]
[p1r0r.com/tag/management-es.html]
[p1r0r.com/tag/mooc-es.html]
[p1r0r.com/tag/opera-es.html]
[p1r0r.com/mooc-mooc-2.html]
[p1r0r.com/tag/shortfilm-es.html]
[p1r0r.com/bitseller-cortometraje/feed]
[p1r0r.com/wp-json/wp/v2/posts/4849.json]
[p1r0r.com/wp-json/oembed/1.0/embededac.json]
[p1r0r.com/wp-json/oembed/1.0/embedfb64]
[p1r0r.com/tag/short.html]
[p1r0r.com/bitseller-cortometraje.html]
[p1r0r.com/tag/spain-es.html]
[p1r0r.com/el-oso-y-la-liebre/feed]
[p1r0r.com/wp-json/wp/v2/posts/4865.json]
[p1r0r.com/wp-json/oembed/1.0/embed2835.json]
[p1r0r.com/wp-json/oembed/1.0/embedb083]
[p1r0r.com/tag/advertising-es.html]
[p1r0r.com/tag/bear-es.html]
[p1r0r.com/tag/hare-es.html]
[p1r0r.com/tag/snow-es.html]
[p1r0r.com/tag/tender-es.html]
[p1r0r.com/tag/uk-es.html]
[p1r0r.com/el-oso-y-la-liebre.html]
[p1r0r.com/tag/winter-es.html]
[p1r0r.com/mas-pixels/feed]
[p1r0r.com/wp-json/wp/v2/posts/4867.json]
[p1r0r.com/wp-json/oembed/1.0/embedaf25.json]
[p1r0r.com/wp-json/oembed/1.0/embed7295]
[p1r0r.com/tag/compositing-es.html]
[p1r0r.com/tag/pixels-es.html]
[p1r0r.com/tag/tetris-es.html]
[p1r0r.com/mas-pixels.html]
[p1r0r.com/tag/videogames-es.html]
[p1r0r.com/blinky-2/feed]
[p1r0r.com/wp-json/wp/v2/posts/4873.json]
[p1r0r.com/wp-json/oembed/1.0/embed7c0f.json]
[p1r0r.com/wp-json/oembed/1.0/embed834e]
[p1r0r.com/tag/robot-es.html]
[p1r0r.com/blinky-2.html]
[p1r0r.com/tag/sciencefiction-es.html]
[p1r0r.com/8bit-2/feed]
[p1r0r.com/wp-json/wp/v2/posts/4875.json]
[p1r0r.com/wp-json/oembed/1.0/embed9e04.json]
[p1r0r.com/wp-json/oembed/1.0/embedced2]
[p1r0r.com/en/8bit.html]
[p1r0r.com/8bit-2.html]
[p1r0r.com/tag/supinfocom-es.html]
[p1r0r.com/loving-vicent/feed]
[p1r0r.com/wp-json/wp/v2/posts/4879.json]
[p1r0r.com/wp-json/oembed/1.0/embed26fa.json]
[p1r0r.com/wp-json/oembed/1.0/embedb76d]
[p1r0r.com/loving-vicent.html]
[p1r0r.com/indimenticabile-2/feed]
[p1r0r.com/wp-json/wp/v2/posts/4841.json]
[p1r0r.com/wp-json/oembed/1.0/embed79c4.json]
[p1r0r.com/wp-json/oembed/1.0/embed5d1f]
[p1r0r.com/indimenticabile-2.html]
[p1r0r.com/wp-content/uploads/2016/07/cavalleria-locandina1.jpg]
[p1r0r.com/primeras-notas-sobre-diseno-de-luz-escenica/feed]
[p1r0r.com/wp-json/wp/v2/posts/4839.json]
[p1r0r.com/wp-json/oembed/1.0/embede55d.json]
[p1r0r.com/wp-json/oembed/1.0/embede38e]
[p1r0r.com/tag/diseno-de-luz-es.html]
[p1r0r.com/tag/light-design-es.html]
[p1r0r.com/tag/prima-americana-es.html]
[p1r0r.com/primeras-notas-sobre-diseno-de-luz-escenica.html]
[p1r0r.com/tag/prosa-es.html]
[p1r0r.com/la-maschera-e-lattaccapanni-2/feed]
[p1r0r.com/wp-json/wp/v2/posts/4845.json]
[p1r0r.com/wp-json/oembed/1.0/embed696b.json]
[p1r0r.com/wp-json/oembed/1.0/embedc6c5]
[p1r0r.com/la-maschera-e-lattaccapanni-2.html]
[p1r0r.com/afinando-instrumentos/feed]
[p1r0r.com/wp-json/wp/v2/posts/4881.json]
[p1r0r.com/wp-json/oembed/1.0/embed2120.json]
[p1r0r.com/wp-json/oembed/1.0/embed526c]
[p1r0r.com/afinando-instrumentos.html]
[p1r0r.com/que-empiece-la-funcion/feed]
[p1r0r.com/wp-json/wp/v2/posts/4883.json]
[p1r0r.com/wp-json/oembed/1.0/embed5f7b.json]
[p1r0r.com/wp-json/oembed/1.0/embedb409]
[p1r0r.com/tag/classic-es.html]
[p1r0r.com/que-empiece-la-funcion.html]
[p1r0r.com/tag/theater-es.html]
[p1r0r.com/category/art-es/page/2.html]
[p1r0r.com/manual-de-como-ser-un-payaso/feed]
[p1r0r.com/wp-json/wp/v2/posts/4877.json]
[p1r0r.com/wp-json/oembed/1.0/embed5ca5.json]
[p1r0r.com/wp-json/oembed/1.0/embed011d]
[p1r0r.com/manual-de-como-ser-un-payaso.html]
[p1r0r.com/tag/denmark-danish-es.html]
[p1r0r.com/category/audiovisual-es/page/2.html]
[p1r0r.com/category/audiovisual-es/page/3.html]
[p1r0r.com/porque-el-lo-vale/feed]
[p1r0r.com/wp-json/wp/v2/posts/4863.json]
[p1r0r.com/wp-json/oembed/1.0/embedeff3.json]
[p1r0r.com/wp-json/oembed/1.0/embed9c1e]
[p1r0r.com/tag/bollywood-es.html]
[p1r0r.com/porque-el-lo-vale.html]
[p1r0r.com/tag/superstar-es.html]
[p1r0r.com/el-camino-a-algo/feed]
[p1r0r.com/wp-json/wp/v2/posts/4871.json]
[p1r0r.com/wp-json/oembed/1.0/embed0a82.json]
[p1r0r.com/wp-json/oembed/1.0/embed3943]
[p1r0r.com/tag/canada-es.html]
[p1r0r.com/tag/criticism-es.html]
[p1r0r.com/el-camino-a-algo.html]
[p1r0r.com/tag/social-es.html]
[p1r0r.com/yo-me-lo-cocino-yo-me-lo-como/feed]
[p1r0r.com/wp-json/wp/v2/posts/4859.json]
[p1r0r.com/wp-json/oembed/1.0/embed283c.json]
[p1r0r.com/wp-json/oembed/1.0/embedb15e]
[p1r0r.com/tag/aaron-sorkin-es.html]
[p1r0r.com/tag/patriotism-es.html]
[p1r0r.com/yo-me-lo-cocino-yo-me-lo-como.html]
[p1r0r.com/tag/screenwriter-es.html]
[p1r0r.com/un-desarrollo-fantastico/feed]
[p1r0r.com/wp-json/wp/v2/posts/4887.json]
[p1r0r.com/wp-json/oembed/1.0/embed1715.json]
[p1r0r.com/wp-json/oembed/1.0/embed8e6f]
[p1r0r.com/un-desarrollo-fantastico.html]
[p1r0r.com/tag/movie-cinema-es.html]
[p1r0r.com/category/culture-es/cinema-es/page/2.html]
[p1r0r.com/category/culture-es/page/2.html]
[p1r0r.com/category/culture-es/page/3.html]
[p1r0r.com/category/culture-es/page/4.html]
[p1r0r.com/category/europe-es/page/2.html]
[p1r0r.com/cadenas-cadenas-cadenas/feed]
[p1r0r.com/wp-json/wp/v2/posts/4857.json]
[p1r0r.com/wp-json/oembed/1.0/embede524.json]
[p1r0r.com/wp-json/oembed/1.0/embeddca9]
[p1r0r.com/tag/fake-es.html]
[p1r0r.com/tag/pablo-neruda-es.html]
[p1r0r.com/tag/poem-es.html]
[p1r0r.com/tag/poetry-es.html]
[p1r0r.com/tag/quote-es.html]
[p1r0r.com/cadenas-cadenas-cadenas.html]
[p1r0r.com/tag/relax-es.html]
[p1r0r.com/esa-terrible-linea-amarilla/feed]
[p1r0r.com/wp-json/wp/v2/posts/4853.json]
[p1r0r.com/wp-json/oembed/1.0/embed1410.json]
[p1r0r.com/wp-json/oembed/1.0/embed11f1]
[p1r0r.com/tag/bronbroen-es.html]
[p1r0r.com/esa-terrible-linea-amarilla.html]
[p1r0r.com/tag/the-bridge-es.html]
[p1r0r.com/category/culture-es/tv/page/2.html]
[p1r0r.com/nanni-moretti-2/feed]
[p1r0r.com/wp-json/wp/v2/posts/4869.json]
[p1r0r.com/wp-json/oembed/1.0/embed4cfc.json]
[p1r0r.com/wp-json/oembed/1.0/embedacf6]
[pad.mymovies.it/filmclub/2002/08/309/locandina.jpg]
[pics.filmaffinity.com/La_habitaci_n_del_hijo-855073458-large.jpg]
[upload.wikimedia.org/wikipedia/en/6/61/Il_Caimano_(The_Caiman)_cover.jpg]
[p1r0r.com/tag/independence-es.html]
[p1r0r.com/tag/left-es.html]
[p1r0r.com/tag/nanni-moretti-es.html]
[p1r0r.com/tag/swimming-es.html]
[p1r0r.com/nanni-moretti-2.html]
[p1r0r.com/category/culture.html]
[p1r0r.com/category/europe.html]
[p1r0r.com/category/world.html]
[p1r0r.com/category/art.html]
[p1r0r.com/category/cinema.html]
[p1r0r.com/tag/waterpolo-es.html]
[p1r0r.com/en/en-blog/page/2.html]
[p1r0r.com/category/audiovisual]
[p1r0r.com/en/en-blog/page/3.html]
[p1r0r.com/category/3d]
[p1r0r.com/category/animation]
[p1r0r.com/en/en-blog/page/4.html]
[p1r0r.com/author/p1r0r/page/2.html]
[p1r0r.com/author/p1r0r/page/3.html]
[p1r0r.com/author/p1r0r/page/4.html]
[p1r0r.com/indexd736.html]
[p1r0r.com/tag/america-es/feed]
[p1r0r.com/wp-json/wp/v2/tags/500.json]
[p1r0r.com/tag/america-es.html]
[p1r0r.com/tag/lirica-es/feed]
[p1r0r.com/wp-json/wp/v2/tags/502.json]
[p1r0r.com/tag/lirica-es.html]
[p1r0r.com/tag/music-es/feed]
[p1r0r.com/wp-json/wp/v2/tags/504.json]
[p1r0r.com/tag/music-es.html]
[p1r0r.com/tag/musica-es/feed]
[p1r0r.com/wp-json/wp/v2/tags/506.json]
[p1r0r.com/tag/musica-es.html]
[p1r0r.com/tag/theatre-es/feed]
[p1r0r.com/wp-json/wp/v2/tags/508.json]
[p1r0r.com/tag/theatre-es.html]
[p1r0r.com/index0d91.html]
[p1r0r.com/tag/algeciras-es/feed]
[p1r0r.com/wp-json/wp/v2/tags/664.json]
[p1r0r.com/tag/algeciras-es.html]
[p1r0r.com/tag/coproduction-es/feed]
[p1r0r.com/wp-json/wp/v2/tags/540.json]
[p1r0r.com/tag/coproduction-es.html]
[p1r0r.com/tag/history-es/feed]
[p1r0r.com/wp-json/wp/v2/tags/662.json]
[p1r0r.com/tag/history-es.html]
[p1r0r.com/indexabe7.html]
[p1r0r.com/index174a.html]
[p1r0r.com/wp-content/uploads/2018/03/Al_Yazirat_recreación_011.png]
[p1r0r.com/tag/experiences-es/feed]
[p1r0r.com/wp-json/wp/v2/tags/660.json]
[p1r0r.com/tag/experiences-es.html]
[p1r0r.com/tag/filmmaker-es/feed]
[p1r0r.com/wp-json/wp/v2/tags/532.json]
[p1r0r.com/tag/filmmaker-es.html]
[p1r0r.com/tag/poland-es/feed]
[p1r0r.com/wp-json/wp/v2/tags/536.json]
[p1r0r.com/tag/poland-es.html]
[p1r0r.com/tag/politics-es/feed]
[p1r0r.com/wp-json/wp/v2/tags/620.json]
[p1r0r.com/tag/politics-es.html]
[p1r0r.com/index3b37.html]
[p1r0r.com/wp-content/uploads/2016/09/MecanismoWP.jpg]
[p1r0r.com/wp-content/uploads/2016/09/HermandadWP.jpg]
[www.varamessina.it/public/foto/vara/2006/var060075.html]
[p1r0r.com/wp-content/uploads/2016/09/Fuegos-ArtificialesWP.jpg]
[p1r0r.com/tag/italia-es/feed]
[p1r0r.com/wp-json/wp/v2/tags/542.json]
[p1r0r.com/tag/italia-es/page/2.html]
[p1r0r.com/tag/italia-es.html]
[p1r0r.com/tag/italy-es/feed]
[p1r0r.com/wp-json/wp/v2/tags/554.json]
[p1r0r.com/tag/italy-es.html]
[p1r0r.com/tag/messina-es/feed]
[p1r0r.com/wp-json/wp/v2/tags/564.json]
[p1r0r.com/tag/messina-es.html]
[p1r0r.com/tag/sicilia-es/feed]
[p1r0r.com/wp-json/wp/v2/tags/566.json]
[p1r0r.com/tag/sicilia-es.html]
[p1r0r.com/tag/sicily-es/feed]
[p1r0r.com/wp-json/wp/v2/tags/568.json]
[p1r0r.com/tag/sicily-es.html]
[p1r0r.com/tag/traditions-es/feed]
[p1r0r.com/wp-json/wp/v2/tags/598.json]
[p1r0r.com/tag/traditions-es.html]
[p1r0r.com/index8a82.html]
[www.scirokko.it/wp-content/uploads/2015/08/mata.html]
[www.scirokko.it/wp-content/uploads/2015/08/grifone.html]
[p1r0r.com/wp-content/uploads/2016/09/PiazzaEuropa.jpg]
[p1r0r.com/tag/tradition-es/feed]
[p1r0r.com/wp-json/wp/v2/tags/570.json]
[p1r0r.com/tag/tradition-es.html]
[p1r0r.com/index45a2.html]
[p1r0r.com/tag/culture.html]
[p1r0r.com/tag/italia.html]
[p1r0r.com/tag/italy.html]
[p1r0r.com/tag/messina.html]
[p1r0r.com/tag/sicilia.html]
[p1r0r.com/tag/sicily.html]
[p1r0r.com/tag/traditions.html]
[p1r0r.com/indexd36f.html]
[p1r0r.com/wp-content/uploads/2016/09/20160608_164046000_iOS.jpg]
[p1r0r.com/wp-content/uploads/2016/09/Desde-Abajo.jpg]
[p1r0r.com/wp-content/uploads/2016/09/Desde-Arriba.jpg]
[p1r0r.com/wp-content/uploads/2016/09/Desde-Arriba-1500x571.jpg]
[p1r0r.com/wp-content/uploads/2016/09/Panteones.jpg]
[p1r0r.com/tag/art-es/feed]
[p1r0r.com/wp-json/wp/v2/tags/528.json]
[p1r0r.com/tag/art-es.html]
[p1r0r.com/tag/creepy-es/feed]
[p1r0r.com/wp-json/wp/v2/tags/572.json]
[p1r0r.com/tag/creepy-es.html]
[p1r0r.com/tag/orchestra-es/feed]
[p1r0r.com/wp-json/wp/v2/tags/574.json]
[p1r0r.com/tag/orchestra-es.html]
[p1r0r.com/tag/teatro-vittorio-emanuele-es/feed]
[p1r0r.com/wp-json/wp/v2/tags/576.json]
[p1r0r.com/tag/teatro-vittorio-emanuele-es.html]
[p1r0r.com/patron-patronero/feed]
[p1r0r.com/wp-json/wp/v2/posts/4847.json]
[p1r0r.com/wp-json/oembed/1.0/embed0ebb.json]
[p1r0r.com/wp-json/oembed/1.0/embed9b17]
[p1r0r.com/patron-patronero.html]
[p1r0r.com/tag/language-es.html]
[p1r0r.com/changing-places-2/feed]
[p1r0r.com/wp-json/wp/v2/posts/4861.json]
[p1r0r.com/wp-json/oembed/1.0/embed4795.json]
[p1r0r.com/wp-json/oembed/1.0/embedd3ef]
[p1r0r.com/changing-places-2.html]
[p1r0r.com/index657f.html]
[p1r0r.com/wp-content/uploads/2019/02/Cam_UpDesk.jpg]
[p1r0r.com/wp-content/uploads/2019/02/Cam_Gen.jpg]
[p1r0r.com/tag/piano-es.html]
[p1r0r.com/wp-content/uploads/2019/02/Cam_Bed.jpg]
[p1r0r.com/wp-content/uploads/2019/02/Cam_Desk.jpg]
[p1r0r.com/indexcf64.html]
[p1r0r.com/wp-json/oembed/1.0/embed6ddd.json]
[p1r0r.com/wp-json/oembed/1.0/embed53b6]
[p1r0r.com/portfolio/retratos.html]
[p1r0r.com/indexdca8.html]
[p1r0r.com/wp-json/oembed/1.0/embed35dc.json]
[p1r0r.com/wp-json/oembed/1.0/embeda60e]
[p1r0r.com/portfolio/still-2.html]
[p1r0r.com/index42be.html]
[p1r0r.com/indexd7e0.html]
[p1r0r.com/index1767.html]
[p1r0r.com/indexd273.html]
[p1r0r.com/index4539.html]
[p1r0r.com/index347a.html]
[p1r0r.com/wp-content/uploads/2016/09/WPToscano.jpg]
[p1r0r.com/wp-content/uploads/2016/09/WP01Saverio.jpg]
[p1r0r.com/wp-content/uploads/2018/07/IMG_2879.jpg]
[www.scomunicando.it/notizie/wp-content/uploads/2016/06/valentini-1.html]
[p1r0r.com/wp-content/uploads/2016/09/WPGianni-CORO.jpg]
[p1r0r.com/wp-content/uploads/2016/09/WpMúsicos.jpg]
[p1r0r.com/wp-content/uploads/2016/09/WPRenzo-Palcoscenico.jpg]
[p1r0r.com/wp-content/uploads/2016/09/WPSantino.jpg]
[p1r0r.com/wp-content/uploads/2016/09/WPGlue.jpg]
[p1r0r.com/wp-content/uploads/2016/09/WPCornice.jpg]
[p1r0r.com/wp-content/uploads/2016/09/WPGrafica.jpg]
[p1r0r.com/wp-content/uploads/2016/09/WPIMG_1709.jpg]
[p1r0r.com/wp-content/uploads/2016/09/WPIMG_1691.jpg]
[p1r0r.com/wp-content/uploads/2016/09/WPRiverFlowu.jpg]
[p1r0r.com/wp-content/uploads/2016/09/WPPiano.jpg]
[p1r0r.com/wp-content/uploads/2016/09/WPSiSignore.jpg]
[p1r0r.com/wp-content/uploads/2016/09/WP-DANZA.jpg]
[p1r0r.com/wp-content/uploads/2016/09/WPDanza.jpg]
[p1r0r.com/wp-content/uploads/2016/09/WPAttacapanni.jpg]
[p1r0r.com/wp-content/uploads/2016/09/WPChicasAntes.jpg]
[p1r0r.com/wp-content/uploads/2016/09/Locandina.jpg]
[p1r0r.com/wp-content/uploads/2016/09/WP-GiuGia-e-Momi.jpg]
[p1r0r.com/wp-content/uploads/2016/09/RecorteProgetto.jpg]
[p1r0r.com/wp-content/uploads/2016/09/WPFoto-Final.jpg]
[p1r0r.com/tag/art.html]
[p1r0r.com/tag/europe.html]
[p1r0r.com/tag/teatro-vittorio-emanuele.html]
[p1r0r.com/tag/theatre.html]
[p1r0r.com/index3ccf.html]
[p1r0r.com/en/tag/art-en/feed]
[p1r0r.com/wp-json/wp/v2/tags/325.json]
[p1r0r.com/en/tag/art-en.html]
[p1r0r.com/en/tag/creepy-en/feed]
[p1r0r.com/wp-json/wp/v2/tags/365.json]
[p1r0r.com/en/tag/creepy-en.html]
[p1r0r.com/en/tag/italia-en/feed]
[p1r0r.com/wp-json/wp/v2/tags/333.json]
[p1r0r.com/en/tag/italia-en.html]
[p1r0r.com/en/tag/orchestra-en/feed]
[p1r0r.com/wp-json/wp/v2/tags/367.json]
[p1r0r.com/en/tag/orchestra-en.html]
[p1r0r.com/en/tag/teatro-vittorio-emanuele-en/feed]
[p1r0r.com/wp-json/wp/v2/tags/363.json]
[p1r0r.com/en/tag/teatro-vittorio-emanuele-en.html]
[p1r0r.com/indexec42.html]
[p1r0r.com/wp-content/uploads/2016/09/DANZAORQ.jpg]
[p1r0r.com/wp-content/uploads/2016/09/DANZAORQ2.jpg]
[p1r0r.com/wp-content/uploads/2016/09/EnsayoEntradaWP.jpg]
[p1r0r.com/wp-content/uploads/2016/09/Sinsosos.jpg]
[p1r0r.com/wp-content/uploads/2016/09/Llegada-TeatroWP.jpg]
[p1r0r.com/wp-content/uploads/2016/09/Desde-Arriba-TAOWP.jpg]
[p1r0r.com/wp-content/uploads/2016/09/Abajo-Prova.jpg]
[p1r0r.com/wp-content/uploads/2016/07/Piazza.jpg]
[scontent-mxp1-1.xx.fbcdn.net/v/t1.0-9/13241145_1674607016111375_7379248411640585091_n4182.jpg]
[p1r0r.com/wp-content/uploads/2016/07/Spetta2WP.jpg]
[p1r0r.com/wp-content/uploads/2016/07/SPETTMED.jpg]
[p1r0r.com/wp-content/uploads/2016/07/SpettaWP.jpg]
[scontent-mxp1-1.xx.fbcdn.net/v/t1.0-9/13532762_1689103324661744_2793407414991100247_n2b5a.jpg]
[p1r0r.com/wp-content/uploads/2016/07/Yo-TAO.jpg]
[p1r0r.com/en/indimenticabile06b6.html]
[p1r0r.com/category/opera.html]
[p1r0r.com/tag/audiovisual.html]
[p1r0r.com/tag/film.html]
[p1r0r.com/tag/opera.html]
[p1r0r.com/index2bae.html]
[p1r0r.com/wp-content/uploads/2016/09/CaspitaRenzo.jpg]
[p1r0r.com/wp-content/uploads/2016/07/PiesRenzo-Foco.jpg]
[p1r0r.com/wp-content/uploads/2016/09/IMG_2317.jpg]
[p1r0r.com/wp-content/uploads/2016/09/TIPOSFOCOS.jpg]
[p1r0r.com/en/tag/light-design.html]
[p1r0r.com/en/tag/diseno-de-luz-en/feed]
[p1r0r.com/wp-json/wp/v2/tags/355.json]
[p1r0r.com/en/tag/diseno-de-luz-en.html]
[p1r0r.com/en/tag/light-design-en/feed]
[p1r0r.com/wp-json/wp/v2/tags/357.json]
[p1r0r.com/en/tag/light-design-en.html]
[p1r0r.com/en/tag/messina-en/feed]
[p1r0r.com/wp-json/wp/v2/tags/347.json]
[p1r0r.com/en/tag/messina-en.html]
[p1r0r.com/en/tag/opera-en/feed]
[p1r0r.com/wp-json/wp/v2/tags/343.json]
[p1r0r.com/en/tag/opera-en.html]
[p1r0r.com/en/tag/prima-americana-en/feed]
[p1r0r.com/wp-json/wp/v2/tags/359.json]
[p1r0r.com/en/tag/prima-americana-en.html]
[p1r0r.com/en/tag/prosa-en/feed]
[p1r0r.com/wp-json/wp/v2/tags/361.json]
[p1r0r.com/en/tag/prosa-en.html]
[p1r0r.com/en/tag/sicilia-en/feed]
[p1r0r.com/wp-json/wp/v2/tags/349.json]
[p1r0r.com/en/tag/sicilia-en.html]
[p1r0r.com/en/tag/sicily-en/feed]
[p1r0r.com/wp-json/wp/v2/tags/351.json]
[p1r0r.com/en/tag/sicily-en.html]
[p1r0r.com/index6a21.html]
[p1r0r.com/index2591.html]
[p1r0r.com/wp-json/oembed/1.0/embedc715.json]
[p1r0r.com/wp-json/oembed/1.0/embeda32e]
[p1r0r.com/portfolio/temaflor-2.html]
[p1r0r.com/index10a6.html]
[p1r0r.com/index17e4.html]
[p1r0r.com/indexe0f7.html]
[p1r0r.com/en/author/p1r0r/page/2.html]
[p1r0r.com/en/author/p1r0r/page/3.html]
[p1r0r.com/en/author/p1r0r/page/4.html]
[p1r0r.com/en/tag/audiovisual-en/page/2.html]
[p1r0r.com/en/tag/culture-en/page/2.html]
[p1r0r.com/en/tag/europe-en/page/2.html]
[p1r0r.com/indexbd7a.html]
[p1r0r.com/en/tag/bronbroen-en/feed]
[p1r0r.com/wp-json/wp/v2/tags/385.json]
[p1r0r.com/en/tag/bronbroen-en.html]
[p1r0r.com/en/tag/the-bridge-en/feed]
[p1r0r.com/wp-json/wp/v2/tags/387.json]
[p1r0r.com/en/tag/the-bridge-en.html]
[p1r0r.com/index0da6.html]
[p1r0r.com/en/tag/cinema-en/feed]
[p1r0r.com/wp-json/wp/v2/tags/285.json]
[p1r0r.com/en/tag/cinema-en.html]
[p1r0r.com/en/tag/experiences-en/feed]
[p1r0r.com/wp-json/wp/v2/tags/287.json]
[p1r0r.com/en/tag/experiences-en.html]
[p1r0r.com/en/tag/film-en/feed]
[p1r0r.com/wp-json/wp/v2/tags/289.json]
[p1r0r.com/en/tag/film-en.html]
[p1r0r.com/en/tag/filmmaker-en/feed]
[p1r0r.com/wp-json/wp/v2/tags/291.json]
[p1r0r.com/en/tag/filmmaker-en.html]
[p1r0r.com/en/tag/poland-en/feed]
[p1r0r.com/wp-json/wp/v2/tags/293.json]
[p1r0r.com/en/tag/poland-en.html]
[p1r0r.com/en/tag/politics-en/feed]
[p1r0r.com/wp-json/wp/v2/tags/295.json]
[p1r0r.com/en/tag/politics-en.html]
[p1r0r.com/index7369.html]
[p1r0r.com/en/tag/3d-en/feed]
[p1r0r.com/wp-json/wp/v2/tags/321.json]
[p1r0r.com/en/tag/3d-en.html]
[p1r0r.com/en/tag/animation-en/feed]
[p1r0r.com/wp-json/wp/v2/tags/323.json]
[p1r0r.com/en/tag/animation-en.html]
[p1r0r.com/en/tag/future-en/feed]
[p1r0r.com/wp-json/wp/v2/tags/327.json]
[p1r0r.com/en/tag/future-en.html]
[p1r0r.com/en/tag/india-en/feed]
[p1r0r.com/wp-json/wp/v2/tags/329.json]
[p1r0r.com/en/tag/india-en.html]
[p1r0r.com/en/tag/indian-en/feed]
[p1r0r.com/wp-json/wp/v2/tags/331.json]
[p1r0r.com/en/tag/indian-en.html]
[p1r0r.com/en/tag/italy-en/feed]
[p1r0r.com/wp-json/wp/v2/tags/335.json]
[p1r0r.com/en/tag/italy-en.html]
[p1r0r.com/en/tag/management-en/feed]
[p1r0r.com/wp-json/wp/v2/tags/337.json]
[p1r0r.com/en/tag/management-en.html]
[p1r0r.com/en/tag/mooc-en/feed]
[p1r0r.com/wp-json/wp/v2/tags/339.json]
[p1r0r.com/en/tag/mooc-en.html]
[p1r0r.com/en/tag/movie-en/feed]
[p1r0r.com/wp-json/wp/v2/tags/341.json]
[p1r0r.com/en/tag/movie-en.html]
[p1r0r.com/en/tag/shortfilm-en/feed]
[p1r0r.com/wp-json/wp/v2/tags/345.json]
[p1r0r.com/en/tag/shortfilm-en.html]
[p1r0r.com/indexbc61.html]
[www.genomaanimation.com/imagenes/galeriasCabeceras/home/img01.html]
[p1r0r.com/en/tag/andalucia-en/feed]
[p1r0r.com/wp-json/wp/v2/tags/666.json]
[p1r0r.com/en/tag/andalucia-en.html]
[p1r0r.com/en/tag/granada-en/feed]
[p1r0r.com/wp-json/wp/v2/tags/668.json]
[p1r0r.com/en/tag/granada-en.html]
[p1r0r.com/en/tag/spain-en/feed]
[p1r0r.com/wp-json/wp/v2/tags/670.json]
[p1r0r.com/en/tag/spain-en.html]
[p1r0r.com/index3fbc.html]
[p1r0r.com/en/tag/bollywood-en/feed]
[p1r0r.com/wp-json/wp/v2/tags/373.json]
[p1r0r.com/en/tag/bollywood-en.html]
[p1r0r.com/en/tag/movie-cinema-en/feed]
[p1r0r.com/wp-json/wp/v2/tags/375.json]
[p1r0r.com/en/tag/movie-cinema-en.html]
[p1r0r.com/index991f.html]
[p1r0r.com/en/tag/advertising-en/feed]
[p1r0r.com/wp-json/wp/v2/tags/417.json]
[p1r0r.com/en/tag/advertising-en.html]
[p1r0r.com/en/tag/bear-en/feed]
[p1r0r.com/wp-json/wp/v2/tags/419.json]
[p1r0r.com/en/tag/bear-en.html]
[p1r0r.com/en/tag/hare-en/feed]
[p1r0r.com/wp-json/wp/v2/tags/421.json]
[p1r0r.com/en/tag/hare-en.html]
[p1r0r.com/en/tag/snow-en/feed]
[p1r0r.com/wp-json/wp/v2/tags/423.json]
[p1r0r.com/en/tag/snow-en.html]
[p1r0r.com/en/tag/tender-en/feed]
[p1r0r.com/wp-json/wp/v2/tags/425.json]
[p1r0r.com/en/tag/tender-en.html]
[p1r0r.com/en/tag/uk-en/feed]
[p1r0r.com/wp-json/wp/v2/tags/427.json]
[p1r0r.com/en/tag/uk-en.html]
[p1r0r.com/en/tag/winter-en/feed]
[p1r0r.com/wp-json/wp/v2/tags/429.json]
[p1r0r.com/en/tag/winter-en.html]
[p1r0r.com/index89d1.html]
[p1r0r.com/en/nanni-moretti/feed]
[p1r0r.com/wp-json/wp/v2/posts/3727.json]
[p1r0r.com/wp-json/oembed/1.0/embed2738.json]
[p1r0r.com/wp-json/oembed/1.0/embed4a74]
[p1r0r.com/category/sport]
[p1r0r.com/tag/cinema]
[p1r0r.com/tag/filmmaker]
[p1r0r.com/tag/independence]
[p1r0r.com/tag/left]
[p1r0r.com/tag/movie]
[p1r0r.com/tag/nanni-moretti]
[p1r0r.com/tag/swimming]
[p1r0r.com/tag/waterpolo]
[p1r0r.com/en/nanni-moretti.html]
[p1r0r.com/en/tag/compositing-en/feed]
[p1r0r.com/wp-json/wp/v2/tags/431.json]
[p1r0r.com/en/tag/compositing-en.html]
[p1r0r.com/en/tag/pixels-en/feed]
[p1r0r.com/wp-json/wp/v2/tags/433.json]
[p1r0r.com/en/tag/pixels-en.html]
[p1r0r.com/en/tag/tetris-en/feed]
[p1r0r.com/wp-json/wp/v2/tags/435.json]
[p1r0r.com/en/tag/tetris-en.html]
[p1r0r.com/en/tag/videogames-en/feed]
[p1r0r.com/wp-json/wp/v2/tags/437.json]
[p1r0r.com/en/tag/videogames-en.html]
[p1r0r.com/index41c7.html]
[join.lovingvincent.com/photos/p_01.html]
[p1r0r.com/index2453.html]
[d1bq5g7z9i92ue.cloudfront.net/pictures/12/14/121449/Antonio-Pappano-c-M-Ianniello-EMI-Classics.html]
[p1r0r.com/index4f5b.html]
[p1r0r.com/en/tag/classic-en/feed]
[p1r0r.com/wp-json/wp/v2/tags/379.json]
[p1r0r.com/en/tag/classic-en.html]
[p1r0r.com/en/tag/theater-en/feed]
[p1r0r.com/wp-json/wp/v2/tags/381.json]
[p1r0r.com/en/tag/theater-en.html]
[p1r0r.com/indexa8df.html]
[p1r0r.com/index1b0e.html]
[p1r0r.com/en/tag/producer-en/feed]
[p1r0r.com/wp-json/wp/v2/tags/377.json]
[p1r0r.com/en/tag/producer-en.html]
[p1r0r.com/index0ac8.html]
[p1r0r.com/en/tag/superstar-en/feed]
[p1r0r.com/wp-json/wp/v2/tags/415.json]
[p1r0r.com/en/tag/superstar-en.html]
[p1r0r.com/indexe4f6.html]
[p1r0r.com/en/blinky/feed]
[p1r0r.com/wp-json/wp/v2/posts/3802.json]
[p1r0r.com/wp-json/oembed/1.0/embed54cc.json]
[p1r0r.com/wp-json/oembed/1.0/embed933e]
[p1r0r.com/category/technology]
[p1r0r.com/category/vfx]
[p1r0r.com/tag/3d]
[p1r0r.com/tag/animation]
[p1r0r.com/tag/creepy]
[p1r0r.com/tag/future]
[p1r0r.com/tag/robot]
[p1r0r.com/tag/sciencefiction]
[p1r0r.com/tag/shortfilm]
[p1r0r.com/en/blinky.html]
[p1r0r.com/en/tag/canada-en/feed]
[p1r0r.com/wp-json/wp/v2/tags/439.json]
[p1r0r.com/en/tag/canada-en.html]
[p1r0r.com/en/tag/criticism-en/feed]
[p1r0r.com/wp-json/wp/v2/tags/441.json]
[p1r0r.com/en/tag/criticism-en.html]
[p1r0r.com/en/tag/social-en/feed]
[p1r0r.com/wp-json/wp/v2/tags/443.json]
[p1r0r.com/en/tag/social-en.html]
[p1r0r.com/en/tag/tradition-en/feed]
[p1r0r.com/wp-json/wp/v2/tags/353.json]
[p1r0r.com/en/tag/tradition-en.html]
[p1r0r.com/indexd228.html]
[p1r0r.com/en/tag/award-en/feed]
[p1r0r.com/wp-json/wp/v2/tags/389.json]
[p1r0r.com/en/tag/award-en.html]
[p1r0r.com/en/tag/cannes-en/feed]
[p1r0r.com/wp-json/wp/v2/tags/391.json]
[p1r0r.com/en/tag/cannes-en.html]
[p1r0r.com/en/tag/mads-mikkelsen-en/feed]
[p1r0r.com/wp-json/wp/v2/tags/393.json]
[p1r0r.com/en/tag/mads-mikkelsen-en.html]
[p1r0r.com/index3764.html]
[p1r0r.com/en/es-cabalgata-de-los-gigantes-mata-e-grifone094c.html]
[p1r0r.com/indexd2b3.html]
[p1r0r.com/wp-content/uploads/2016/03/INFOLANGENG.jpg]
[p1r0r.com/wp-content/uploads/2016/03/INFOLANGSPA.jpg]
[p1r0r.com/en/tag/language-en/feed]
[p1r0r.com/wp-json/wp/v2/tags/369.json]
[p1r0r.com/en/tag/language-en.html]
[p1r0r.com/index6b62.html]
[p1r0r.com/en/tag/fake-en/feed]
[p1r0r.com/wp-json/wp/v2/tags/397.json]
[p1r0r.com/en/tag/fake-en.html]
[p1r0r.com/en/tag/pablo-neruda-en/feed]
[p1r0r.com/wp-json/wp/v2/tags/399.json]
[p1r0r.com/en/tag/pablo-neruda-en.html]
[p1r0r.com/en/tag/poem-en/feed]
[p1r0r.com/wp-json/wp/v2/tags/401.json]
[p1r0r.com/en/tag/poem-en.html]
[p1r0r.com/en/tag/poetry-en/feed]
[p1r0r.com/wp-json/wp/v2/tags/403.json]
[p1r0r.com/en/tag/poetry-en.html]
[p1r0r.com/en/tag/quote-en/feed]
[p1r0r.com/wp-json/wp/v2/tags/405.json]
[p1r0r.com/en/tag/quote-en.html]
[p1r0r.com/en/tag/relax-en/feed]
[p1r0r.com/wp-json/wp/v2/tags/407.json]
[p1r0r.com/en/tag/relax-en.html]
[p1r0r.com/indexdf1e.html]
[p1r0r.com/en/tag/piano-en/feed]
[p1r0r.com/wp-json/wp/v2/tags/524.json]
[p1r0r.com/en/tag/piano-en.html]
[p1r0r.com/indexed41.html]
[p1r0r.com/en/tag/borgen-en/feed]
[p1r0r.com/wp-json/wp/v2/tags/383.json]
[p1r0r.com/en/tag/borgen-en.html]
[p1r0r.com/index97f8.html]
[p1r0r.com/en/tag/aaron-sorkin-en/feed]
[p1r0r.com/wp-json/wp/v2/tags/409.json]
[p1r0r.com/en/tag/aaron-sorkin-en.html]
[p1r0r.com/en/tag/patriotism-en/feed]
[p1r0r.com/wp-json/wp/v2/tags/411.json]
[p1r0r.com/en/tag/patriotism-en.html]
[p1r0r.com/en/tag/screenwriter-en/feed]
[p1r0r.com/wp-json/wp/v2/tags/413.json]
[p1r0r.com/en/tag/screenwriter-en.html]
[p1r0r.com/tag/audiovisual-es/page/2.html]
[p1r0r.com/tag/cinema-es/page/2.html]
[p1r0r.com/tag/culture-es/page/2.html]
[p1r0r.com/tag/europe-es/page/2.html]
[p1r0r.com/tag/europe-es/page/3.html]
[p1r0r.com/tag/film-es/page/2.html]
[p1r0r.com/indexd53b.html]
[p1r0r.com/tag/3d-es/feed]
[p1r0r.com/wp-json/wp/v2/tags/546.json]
[p1r0r.com/tag/3d-es.html]
[p1r0r.com/tag/animation-es/feed]
[p1r0r.com/wp-json/wp/v2/tags/526.json]
[p1r0r.com/tag/animation-es.html]
[p1r0r.com/tag/future-es/feed]
[p1r0r.com/wp-json/wp/v2/tags/548.json]
[p1r0r.com/tag/future-es.html]
[p1r0r.com/tag/india-es/feed]
[p1r0r.com/wp-json/wp/v2/tags/550.json]
[p1r0r.com/tag/india-es.html]
[p1r0r.com/tag/indian-es/feed]
[p1r0r.com/wp-json/wp/v2/tags/552.json]
[p1r0r.com/tag/indian-es.html]
[p1r0r.com/tag/management-es/feed]
[p1r0r.com/wp-json/wp/v2/tags/556.json]
[p1r0r.com/tag/management-es.html]
[p1r0r.com/tag/mooc-es/feed]
[p1r0r.com/wp-json/wp/v2/tags/558.json]
[p1r0r.com/tag/mooc-es.html]
[p1r0r.com/tag/opera-es/feed]
[p1r0r.com/wp-json/wp/v2/tags/544.json]
[p1r0r.com/tag/opera-es.html]
[p1r0r.com/tag/shortfilm-es/feed]
[p1r0r.com/wp-json/wp/v2/tags/560.json]
[p1r0r.com/tag/shortfilm-es.html]
[p1r0r.com/index27bc.html]
[p1r0r.com/tag/short/feed]
[p1r0r.com/wp-json/wp/v2/tags/214.json]
[p1r0r.com/tag/short.html]
[p1r0r.com/tag/spain-es/feed]
[p1r0r.com/wp-json/wp/v2/tags/216.json]
[p1r0r.com/tag/spain-es.html]
[p1r0r.com/indexbfe2.html]
[p1r0r.com/tag/advertising-es/feed]
[p1r0r.com/wp-json/wp/v2/tags/624.json]
[p1r0r.com/tag/advertising-es.html]
[p1r0r.com/tag/bear-es/feed]
[p1r0r.com/wp-json/wp/v2/tags/626.json]
[p1r0r.com/tag/bear-es.html]
[p1r0r.com/tag/hare-es/feed]
[p1r0r.com/wp-json/wp/v2/tags/628.json]
[p1r0r.com/tag/hare-es.html]
[p1r0r.com/tag/snow-es/feed]
[p1r0r.com/wp-json/wp/v2/tags/630.json]
[p1r0r.com/tag/snow-es.html]
[p1r0r.com/tag/tender-es/feed]
[p1r0r.com/wp-json/wp/v2/tags/632.json]
[p1r0r.com/tag/tender-es.html]
[p1r0r.com/tag/uk-es/feed]
[p1r0r.com/wp-json/wp/v2/tags/634.json]
[p1r0r.com/tag/uk-es.html]
[p1r0r.com/tag/winter-es/feed]
[p1r0r.com/wp-json/wp/v2/tags/636.json]
[p1r0r.com/tag/winter-es.html]
[p1r0r.com/index5967.html]
[p1r0r.com/tag/compositing-es/feed]
[p1r0r.com/wp-json/wp/v2/tags/600.json]
[p1r0r.com/tag/compositing-es.html]
[p1r0r.com/tag/pixels-es/feed]
[p1r0r.com/wp-json/wp/v2/tags/602.json]
[p1r0r.com/tag/pixels-es.html]
[p1r0r.com/tag/tetris-es/feed]
[p1r0r.com/wp-json/wp/v2/tags/604.json]
[p1r0r.com/tag/tetris-es.html]
[p1r0r.com/tag/videogames-es/feed]
[p1r0r.com/wp-json/wp/v2/tags/606.json]
[p1r0r.com/tag/videogames-es.html]
[p1r0r.com/index632f.html]
[p1r0r.com/tag/robot-es/feed]
[p1r0r.com/wp-json/wp/v2/tags/610.json]
[p1r0r.com/tag/robot-es.html]
[p1r0r.com/tag/sciencefiction-es/feed]
[p1r0r.com/wp-json/wp/v2/tags/612.json]
[p1r0r.com/tag/sciencefiction-es.html]
[p1r0r.com/index0f61.html]
[p1r0r.com/en/8bit/feed]
[p1r0r.com/wp-json/wp/v2/posts/3722.json]
[p1r0r.com/wp-json/oembed/1.0/embedbf71.json]
[p1r0r.com/wp-json/oembed/1.0/embed0534]
[p1r0r.com/tag/supinfocom]
[p1r0r.com/en/8bit.html]
[p1r0r.com/tag/supinfocom-es/feed]
[p1r0r.com/wp-json/wp/v2/tags/588.json]
[p1r0r.com/tag/supinfocom-es.html]
[p1r0r.com/index3560.html]
[p1r0r.com/index2c66.html]
[p1r0r.com/index6524.html]
[p1r0r.com/tag/diseno-de-luz-es/feed]
[p1r0r.com/wp-json/wp/v2/tags/652.json]
[p1r0r.com/tag/diseno-de-luz-es.html]
[p1r0r.com/tag/light-design-es/feed]
[p1r0r.com/wp-json/wp/v2/tags/654.json]
[p1r0r.com/tag/light-design-es.html]
[p1r0r.com/tag/prima-americana-es/feed]
[p1r0r.com/wp-json/wp/v2/tags/656.json]
[p1r0r.com/tag/prima-americana-es.html]
[p1r0r.com/tag/prosa-es/feed]
[p1r0r.com/wp-json/wp/v2/tags/658.json]
[p1r0r.com/tag/prosa-es.html]
[p1r0r.com/index445a.html]
[p1r0r.com/index6103.html]
[p1r0r.com/indexdd3b.html]
[p1r0r.com/tag/classic-es/feed]
[p1r0r.com/wp-json/wp/v2/tags/674.json]
[p1r0r.com/tag/classic-es.html]
[p1r0r.com/tag/theater-es/feed]
[p1r0r.com/wp-json/wp/v2/tags/680.json]
[p1r0r.com/tag/theater-es.html]
[p1r0r.com/index2c58.html]
[p1r0r.com/tag/denmark-danish-es/feed]
[p1r0r.com/wp-json/wp/v2/tags/646.json]
[p1r0r.com/tag/denmark-danish-es.html]
[p1r0r.com/indexf75f.html]
[p1r0r.com/tag/bollywood-es/feed]
[p1r0r.com/wp-json/wp/v2/tags/672.json]
[p1r0r.com/tag/bollywood-es.html]
[p1r0r.com/tag/superstar-es/feed]
[p1r0r.com/wp-json/wp/v2/tags/676.json]
[p1r0r.com/tag/superstar-es.html]
[p1r0r.com/index6ac8.html]
[p1r0r.com/tag/canada-es/feed]
[p1r0r.com/wp-json/wp/v2/tags/638.json]
[p1r0r.com/tag/canada-es.html]
[p1r0r.com/tag/criticism-es/feed]
[p1r0r.com/wp-json/wp/v2/tags/640.json]
[p1r0r.com/tag/criticism-es.html]
[p1r0r.com/tag/social-es/feed]
[p1r0r.com/wp-json/wp/v2/tags/642.json]
[p1r0r.com/tag/social-es.html]
[p1r0r.com/index69aa.html]
[p1r0r.com/tag/aaron-sorkin-es/feed]
[p1r0r.com/wp-json/wp/v2/tags/616.json]
[p1r0r.com/tag/aaron-sorkin-es.html]
[p1r0r.com/tag/patriotism-es/feed]
[p1r0r.com/wp-json/wp/v2/tags/618.json]
[p1r0r.com/tag/patriotism-es.html]
[p1r0r.com/tag/screenwriter-es/feed]
[p1r0r.com/wp-json/wp/v2/tags/622.json]
[p1r0r.com/tag/screenwriter-es.html]
[p1r0r.com/indexbed2.html]
[p1r0r.com/tag/movie-cinema-es/feed]
[p1r0r.com/wp-json/wp/v2/tags/678.json]
[p1r0r.com/tag/movie-cinema-es.html]
[p1r0r.com/index8c6c.html]
[p1r0r.com/tag/fake-es/feed]
[p1r0r.com/wp-json/wp/v2/tags/614.json]
[p1r0r.com/tag/fake-es.html]
[p1r0r.com/tag/pablo-neruda-es/feed]
[p1r0r.com/wp-json/wp/v2/tags/512.json]
[p1r0r.com/tag/pablo-neruda-es.html]
[p1r0r.com/tag/poem-es/feed]
[p1r0r.com/wp-json/wp/v2/tags/516.json]
[p1r0r.com/tag/poem-es.html]
[p1r0r.com/tag/poetry-es/feed]
[p1r0r.com/wp-json/wp/v2/tags/518.json]
[p1r0r.com/tag/poetry-es.html]
[p1r0r.com/tag/quote-es/feed]
[p1r0r.com/wp-json/wp/v2/tags/520.json]
[p1r0r.com/tag/quote-es.html]
[p1r0r.com/tag/relax-es/feed]
[p1r0r.com/wp-json/wp/v2/tags/522.json]
[p1r0r.com/tag/relax-es.html]
[p1r0r.com/index68a1.html]
[p1r0r.com/tag/bronbroen-es/feed]
[p1r0r.com/wp-json/wp/v2/tags/644.json]
[p1r0r.com/tag/bronbroen-es.html]
[p1r0r.com/tag/the-bridge-es/feed]
[p1r0r.com/wp-json/wp/v2/tags/648.json]
[p1r0r.com/tag/the-bridge-es.html]
[p1r0r.com/index9b05.html]
[p1r0r.com/tag/independence-es/feed]
[p1r0r.com/wp-json/wp/v2/tags/578.json]
[p1r0r.com/tag/independence-es.html]
[p1r0r.com/tag/left-es/feed]
[p1r0r.com/wp-json/wp/v2/tags/580.json]
[p1r0r.com/tag/left-es.html]
[p1r0r.com/tag/nanni-moretti-es/feed]
[p1r0r.com/wp-json/wp/v2/tags/582.json]
[p1r0r.com/tag/nanni-moretti-es.html]
[p1r0r.com/tag/swimming-es/feed]
[p1r0r.com/wp-json/wp/v2/tags/584.json]
[p1r0r.com/tag/swimming-es.html]
[p1r0r.com/tag/waterpolo-es/feed]
[p1r0r.com/wp-json/wp/v2/tags/586.json]
[p1r0r.com/tag/waterpolo-es.html]
[p1r0r.com/category/audiovisual.html]
[p1r0r.com/category/3d.html]
[p1r0r.com/category/animation.html]
[p1r0r.com/tag/italia-es/page/2.html]
[p1r0r.com/index1fea.html]
[p1r0r.com/tag/language-es/feed]
[p1r0r.com/wp-json/wp/v2/tags/650.json]
[p1r0r.com/tag/language-es.html]
[p1r0r.com/indexf518.html]
[p1r0r.com/tag/piano-es/feed]
[p1r0r.com/wp-json/wp/v2/tags/514.json]
[p1r0r.com/tag/piano-es.html]
[p1r0r.com/index4fe9.html]
[p1r0r.com/indexecb3.html]
[p1r0r.com/index2b7a.html]
[p1r0r.com/index104b.html]
[p1r0r.com/category/sport.html]
[p1r0r.com/tag/cinema.html]
[p1r0r.com/tag/filmmaker.html]
[p1r0r.com/tag/independence.html]
[p1r0r.com/tag/left.html]
[p1r0r.com/tag/movie.html]
[p1r0r.com/tag/nanni-moretti.html]
[p1r0r.com/tag/swimming.html]
[p1r0r.com/tag/waterpolo.html]
[p1r0r.com/index4868.html]
[p1r0r.com/category/technology.html]
[p1r0r.com/category/vfx.html]
[p1r0r.com/tag/3d.html]
[p1r0r.com/tag/animation.html]
[p1r0r.com/tag/creepy.html]
[p1r0r.com/tag/future.html]
[p1r0r.com/tag/robot.html]
[p1r0r.com/tag/sciencefiction.html]
[p1r0r.com/tag/shortfilm.html]
[p1r0r.com/index27cd.html]
[p1r0r.com/tag/supinfocom.html]
[s1.cinema.com/image_lib/634_5770.jpg]
